109.237.2.64 - - [31/Dec/2021:02:38:30 +0300] "POST /phpmyadmin/navigation.php?ajax_request=1&token=ed68645dd6567ae78c27b078e9e4fd10 HTTP/1.1" 200 6177 "http://65.21.9.242/phpmyadmin/db_structure.php?server=1&db=naar&token=ed68645dd6567ae78c27b078e9e4fd10" "Mozilla/5.0 (Windows NT 10.0; Win64; x64) AppleWebKit/537.36 (KHTML, like Gecko) Chrome/96.0.4664.110 Safari/537.36"
92.118.234.202 - - [31/Dec/2021:02:41:15 +0300] "GET http://azenv.net/ HTTP/1.1" 500 364 "-" "Go-http-client/1.1"
109.237.2.64 - - [31/Dec/2021:02:49:13 +0300] "GET /phpmyadmin/db_structure.php?server=1&db=naar&token=ed68645dd6567ae78c27b078e9e4fd10&ajax_request=true&ajax_page_request=true&_nocache=1640908152749422810 HTTP/1.1" 200 40596 "http://65.21.9.242/phpmyadmin/db_structure.php?server=1&db=naar&token=ed68645dd6567ae78c27b078e9e4fd10" "Mozilla/5.0 (Windows NT 10.0; Win64; x64) AppleWebKit/537.36 (KHTML, like Gecko) Chrome/96.0.4664.110 Safari/537.36"
109.237.2.64 - - [31/Dec/2021:02:49:18 +0300] "POST /phpmyadmin/navigation.php?ajax_request=1&token=ed68645dd6567ae78c27b078e9e4fd10 HTTP/1.1" 200 6181 "http://65.21.9.242/phpmyadmin/db_structure.php?server=1&db=naar&token=ed68645dd6567ae78c27b078e9e4fd10" "Mozilla/5.0 (Windows NT 10.0; Win64; x64) AppleWebKit/537.36 (KHTML, like Gecko) Chrome/96.0.4664.110 Safari/537.36"
109.237.2.64 - - [31/Dec/2021:02:49:19 +0300] "GET / HTTP/1.1" 500 364 "-" "Mozilla/5.0 (Windows NT 10.0; Win64; x64) AppleWebKit/537.36 (KHTML, like Gecko) Chrome/96.0.4664.110 Safari/537.36"
109.237.2.64 - - [31/Dec/2021:02:49:33 +0300] "GET /bitrix/ HTTP/1.1" 200 349 "-" "Mozilla/5.0 (Windows NT 10.0; Win64; x64) AppleWebKit/537.36 (KHTML, like Gecko) Chrome/96.0.4664.110 Safari/537.36"
109.237.2.64 - - [31/Dec/2021:02:49:35 +0300] "GET /bitrix/admin/index.php HTTP/1.1" 200 381 "http://naar.kit-rb.ru/bitrix/" "Mozilla/5.0 (Windows NT 10.0; Win64; x64) AppleWebKit/537.36 (KHTML, like Gecko) Chrome/96.0.4664.110 Safari/537.36"
109.237.2.64 - - [31/Dec/2021:02:50:37 +0300] "GET /phpmyadmin/db_structure.php?server=1&db=naar&token=ed68645dd6567ae78c27b078e9e4fd10&ajax_request=true&ajax_page_request=true&_nocache=1640908236751485434 HTTP/1.1" 200 40599 "http://65.21.9.242/phpmyadmin/db_structure.php?server=1&db=naar&token=ed68645dd6567ae78c27b078e9e4fd10" "Mozilla/5.0 (Windows NT 10.0; Win64; x64) AppleWebKit/537.36 (KHTML, like Gecko) Chrome/96.0.4664.110 Safari/537.36"
109.237.2.64 - - [31/Dec/2021:02:50:38 +0300] "POST /phpmyadmin/navigation.php?ajax_request=1&token=ed68645dd6567ae78c27b078e9e4fd10 HTTP/1.1" 200 6172 "http://65.21.9.242/phpmyadmin/db_structure.php?server=1&db=naar&token=ed68645dd6567ae78c27b078e9e4fd10" "Mozilla/5.0 (Windows NT 10.0; Win64; x64) AppleWebKit/537.36 (KHTML, like Gecko) Chrome/96.0.4664.110 Safari/537.36"
109.237.2.64 - - [31/Dec/2021:02:50:41 +0300] "GET /phpmyadmin/db_structure.php?db=naar&token=ed68645dd6567ae78c27b078e9e4fd10&ajax_request=true&ajax_page_request=true&_nocache=1640908241203349396 HTTP/1.1" 200 40590 "http://65.21.9.242/phpmyadmin/db_structure.php?server=1&db=naar&token=ed68645dd6567ae78c27b078e9e4fd10" "Mozilla/5.0 (Windows NT 10.0; Win64; x64) AppleWebKit/537.36 (KHTML, like Gecko) Chrome/96.0.4664.110 Safari/537.36"
109.237.2.64 - - [31/Dec/2021:02:51:23 +0300] "GET /bitrix/ HTTP/1.1" 200 349 "-" "Mozilla/5.0 (Windows NT 10.0; Win64; x64) AppleWebKit/537.36 (KHTML, like Gecko) Chrome/96.0.4664.110 Safari/537.36"
109.237.2.64 - - [31/Dec/2021:02:51:24 +0300] "GET /bitrix/admin/index.php HTTP/1.1" 200 5078 "http://naar.kit-rb.ru/bitrix/" "Mozilla/5.0 (Windows NT 10.0; Win64; x64) AppleWebKit/537.36 (KHTML, like Gecko) Chrome/96.0.4664.110 Safari/537.36"
109.237.2.64 - - [31/Dec/2021:02:51:34 +0300] "GET /bitrix/themes/.default/modules.css?1640900584 HTTP/1.1" 200 6983 "http://naar.kit-rb.ru/bitrix/admin/index.php" "Mozilla/5.0 (Windows NT 10.0; Win64; x64) AppleWebKit/537.36 (KHTML, like Gecko) Chrome/96.0.4664.110 Safari/537.36"
109.237.2.64 - - [31/Dec/2021:02:51:40 +0300] "POST /bitrix/admin/index.php?login=yes HTTP/1.1" 200 1009 "http://naar.kit-rb.ru/bitrix/admin/index.php" "Mozilla/5.0 (Windows NT 10.0; Win64; x64) AppleWebKit/537.36 (KHTML, like Gecko) Chrome/96.0.4664.110 Safari/537.36"
109.237.2.64 - - [31/Dec/2021:02:51:47 +0300] "GET /bitrix/panel/main/images/login-red-corner.png HTTP/1.1" 200 641 "http://naar.kit-rb.ru/bitrix/panel/main/login.css?1388067420" "Mozilla/5.0 (Windows NT 10.0; Win64; x64) AppleWebKit/537.36 (KHTML, like Gecko) Chrome/96.0.4664.110 Safari/537.36"
109.237.2.64 - - [31/Dec/2021:02:52:13 +0300] "POST /bitrix/admin/index.php?login=yes HTTP/1.1" 200 791 "http://naar.kit-rb.ru/bitrix/admin/index.php" "Mozilla/5.0 (Windows NT 10.0; Win64; x64) AppleWebKit/537.36 (KHTML, like Gecko) Chrome/96.0.4664.110 Safari/537.36"
109.237.2.64 - - [31/Dec/2021:02:52:14 +0300] "GET /bitrix/admin/index.php HTTP/1.1" 200 32167 "http://naar.kit-rb.ru/bitrix/admin/index.php" "Mozilla/5.0 (Windows NT 10.0; Win64; x64) AppleWebKit/537.36 (KHTML, like Gecko) Chrome/96.0.4664.110 Safari/537.36"
109.237.2.64 - - [31/Dec/2021:02:52:36 +0300] "GET /bitrix/admin/user_options.php?p[0][c]=favorite&p[0][n]=favorite_menu&p[0][v][stick]=N&sessid=93bc62db7c354eff4a0bf5ed4a0b1a49&_=1640908356483 HTTP/1.1" 200 566 "http://naar.kit-rb.ru/bitrix/admin/index.php" "Mozilla/5.0 (Windows NT 10.0; Win64; x64) AppleWebKit/537.36 (KHTML, like Gecko) Chrome/96.0.4664.110 Safari/537.36"
109.237.2.64 - - [31/Dec/2021:02:52:41 +0300] "POST /phpmyadmin/index.php HTTP/1.1" 200 2499 "http://65.21.9.242/phpmyadmin/db_structure.php?db=naar&token=ed68645dd6567ae78c27b078e9e4fd10" "Mozilla/5.0 (Windows NT 10.0; Win64; x64) AppleWebKit/537.36 (KHTML, like Gecko) Chrome/96.0.4664.110 Safari/537.36"
109.237.2.64 - - [31/Dec/2021:02:52:41 +0300] "GET /bitrix/admin/site_checker.php?lang=ru HTTP/1.1" 200 32905 "http://naar.kit-rb.ru/bitrix/admin/index.php" "Mozilla/5.0 (Windows NT 10.0; Win64; x64) AppleWebKit/537.36 (KHTML, like Gecko) Chrome/96.0.4664.110 Safari/537.36"
109.237.2.64 - - [31/Dec/2021:02:52:45 +0300] "GET /bitrix/admin/site_checker.php?test_start=Y&lang=ru&sessid=93bc62db7c354eff4a0bf5ed4a0b1a49 HTTP/1.1" 200 979 "http://naar.kit-rb.ru/bitrix/admin/site_checker.php?lang=ru" "Mozilla/5.0 (Windows NT 10.0; Win64; x64) AppleWebKit/537.36 (KHTML, like Gecko) Chrome/96.0.4664.110 Safari/537.36"
109.237.2.64 - - [31/Dec/2021:02:52:45 +0300] "GET /bitrix/admin/site_checker.php?HTTP_HOST=naar.kit-rb.ru&SERVER_PORT=&HTTPS=&test_start=Y&lang=ru&sessid=93bc62db7c354eff4a0bf5ed4a0b1a49&step=1&global_test_vars=YToyOntzOjIwOiJzaXRlX2NoZWNrZXJfc3VjY2VzcyI7czoxOiJZIjtzOjEwOiJsYXN0X3ZhbHVlIjtzOjA6IiI7fQ== HTTP/1.1" 200 951 "http://naar.kit-rb.ru/bitrix/admin/site_checker.php?lang=ru" "Mozilla/5.0 (Windows NT 10.0; Win64; x64) AppleWebKit/537.36 (KHTML, like Gecko) Chrome/96.0.4664.110 Safari/537.36"
109.237.2.64 - - [31/Dec/2021:02:52:45 +0300] "GET /bitrix/admin/site_checker.php?HTTP_HOST=naar.kit-rb.ru&SERVER_PORT=&HTTPS=&test_start=Y&lang=ru&sessid=93bc62db7c354eff4a0bf5ed4a0b1a49&step=2&global_test_vars=YToyOntzOjIwOiJzaXRlX2NoZWNrZXJfc3VjY2VzcyI7czoxOiJZIjtzOjEwOiJsYXN0X3ZhbHVlIjtzOjA6IiI7fQ== HTTP/1.1" 200 941 "http://naar.kit-rb.ru/bitrix/admin/site_checker.php?lang=ru" "Mozilla/5.0 (Windows NT 10.0; Win64; x64) AppleWebKit/537.36 (KHTML, like Gecko) Chrome/96.0.4664.110 Safari/537.36"
109.237.2.64 - - [31/Dec/2021:02:52:45 +0300] "GET /bitrix/admin/site_checker.php?HTTP_HOST=naar.kit-rb.ru&SERVER_PORT=&HTTPS=&test_start=Y&lang=ru&sessid=93bc62db7c354eff4a0bf5ed4a0b1a49&step=3&global_test_vars=YToyOntzOjIwOiJzaXRlX2NoZWNrZXJfc3VjY2VzcyI7czoxOiJZIjtzOjEwOiJsYXN0X3ZhbHVlIjtzOjA6IiI7fQ== HTTP/1.1" 200 936 "http://naar.kit-rb.ru/bitrix/admin/site_checker.php?lang=ru" "Mozilla/5.0 (Windows NT 10.0; Win64; x64) AppleWebKit/537.36 (KHTML, like Gecko) Chrome/96.0.4664.110 Safari/537.36"
109.237.2.64 - - [31/Dec/2021:02:52:45 +0300] "GET /bitrix/admin/site_checker.php?HTTP_HOST=naar.kit-rb.ru&SERVER_PORT=&HTTPS=&test_start=Y&lang=ru&sessid=93bc62db7c354eff4a0bf5ed4a0b1a49&step=4&global_test_vars=YToyOntzOjIwOiJzaXRlX2NoZWNrZXJfc3VjY2VzcyI7czoxOiJZIjtzOjEwOiJsYXN0X3ZhbHVlIjtzOjA6IiI7fQ== HTTP/1.1" 200 916 "http://naar.kit-rb.ru/bitrix/admin/site_checker.php?lang=ru" "Mozilla/5.0 (Windows NT 10.0; Win64; x64) AppleWebKit/537.36 (KHTML, like Gecko) Chrome/96.0.4664.110 Safari/537.36"
109.237.2.64 - - [31/Dec/2021:02:52:46 +0300] "GET /bitrix/admin/site_checker.php?HTTP_HOST=naar.kit-rb.ru&SERVER_PORT=&HTTPS=&test_start=Y&lang=ru&sessid=93bc62db7c354eff4a0bf5ed4a0b1a49&step=5&global_test_vars=YToyOntzOjIwOiJzaXRlX2NoZWNrZXJfc3VjY2VzcyI7czoxOiJZIjtzOjEwOiJsYXN0X3ZhbHVlIjtzOjA6IiI7fQ== HTTP/1.1" 200 933 "http://naar.kit-rb.ru/bitrix/admin/site_checker.php?lang=ru" "Mozilla/5.0 (Windows NT 10.0; Win64; x64) AppleWebKit/537.36 (KHTML, like Gecko) Chrome/96.0.4664.110 Safari/537.36"
109.237.2.64 - - [31/Dec/2021:02:52:46 +0300] "GET /bitrix/admin/site_checker.php?HTTP_HOST=naar.kit-rb.ru&SERVER_PORT=&HTTPS=&test_start=Y&lang=ru&sessid=93bc62db7c354eff4a0bf5ed4a0b1a49&step=6&global_test_vars=YToyOntzOjIwOiJzaXRlX2NoZWNrZXJfc3VjY2VzcyI7czoxOiJZIjtzOjEwOiJsYXN0X3ZhbHVlIjtzOjA6IiI7fQ== HTTP/1.1" 200 971 "http://naar.kit-rb.ru/bitrix/admin/site_checker.php?lang=ru" "Mozilla/5.0 (Windows NT 10.0; Win64; x64) AppleWebKit/537.36 (KHTML, like Gecko) Chrome/96.0.4664.110 Safari/537.36"
109.237.2.64 - - [31/Dec/2021:02:52:46 +0300] "GET /bitrix/admin/site_checker.php?HTTP_HOST=naar.kit-rb.ru&SERVER_PORT=&HTTPS=&test_start=Y&lang=ru&sessid=93bc62db7c354eff4a0bf5ed4a0b1a49&step=7&global_test_vars=YToyOntzOjIwOiJzaXRlX2NoZWNrZXJfc3VjY2VzcyI7czoxOiJZIjtzOjEwOiJsYXN0X3ZhbHVlIjtzOjA6IiI7fQ== HTTP/1.1" 200 985 "http://naar.kit-rb.ru/bitrix/admin/site_checker.php?lang=ru" "Mozilla/5.0 (Windows NT 10.0; Win64; x64) AppleWebKit/537.36 (KHTML, like Gecko) Chrome/96.0.4664.110 Safari/537.36"
109.237.2.64 - - [31/Dec/2021:02:52:46 +0300] "GET /bitrix/admin/site_checker.php?HTTP_HOST=naar.kit-rb.ru&SERVER_PORT=&HTTPS=&test_start=Y&lang=ru&sessid=93bc62db7c354eff4a0bf5ed4a0b1a49&step=8&global_test_vars=YToyOntzOjIwOiJzaXRlX2NoZWNrZXJfc3VjY2VzcyI7czoxOiJZIjtzOjEwOiJsYXN0X3ZhbHVlIjtzOjA6IiI7fQ== HTTP/1.1" 200 926 "http://naar.kit-rb.ru/bitrix/admin/site_checker.php?lang=ru" "Mozilla/5.0 (Windows NT 10.0; Win64; x64) AppleWebKit/537.36 (KHTML, like Gecko) Chrome/96.0.4664.110 Safari/537.36"
109.237.2.64 - - [31/Dec/2021:02:52:46 +0300] "GET /bitrix/admin/site_checker.php?HTTP_HOST=naar.kit-rb.ru&SERVER_PORT=&HTTPS=&test_start=Y&lang=ru&sessid=93bc62db7c354eff4a0bf5ed4a0b1a49&step=9&global_test_vars=YToyOntzOjIwOiJzaXRlX2NoZWNrZXJfc3VjY2VzcyI7czoxOiJZIjtzOjEwOiJsYXN0X3ZhbHVlIjtzOjA6IiI7fQ== HTTP/1.1" 200 931 "http://naar.kit-rb.ru/bitrix/admin/site_checker.php?lang=ru" "Mozilla/5.0 (Windows NT 10.0; Win64; x64) AppleWebKit/537.36 (KHTML, like Gecko) Chrome/96.0.4664.110 Safari/537.36"
65.21.9.242 - - [31/Dec/2021:02:52:47 +0300] "GET /bitrix/admin/site_checker.php?test_type=method_exists&unique_id=cdcb739ba664d07d05ca95a5ae1b17a4 HTTP/1.1" 200 154 "-" "-"
109.237.2.64 - - [31/Dec/2021:02:52:46 +0300] "GET /bitrix/admin/site_checker.php?HTTP_HOST=naar.kit-rb.ru&SERVER_PORT=&HTTPS=&test_start=Y&lang=ru&sessid=93bc62db7c354eff4a0bf5ed4a0b1a49&step=10&global_test_vars=YToyOntzOjIwOiJzaXRlX2NoZWNrZXJfc3VjY2VzcyI7czoxOiJOIjtzOjEwOiJsYXN0X3ZhbHVlIjtzOjA6IiI7fQ== HTTP/1.1" 200 918 "http://naar.kit-rb.ru/bitrix/admin/site_checker.php?lang=ru" "Mozilla/5.0 (Windows NT 10.0; Win64; x64) AppleWebKit/537.36 (KHTML, like Gecko) Chrome/96.0.4664.110 Safari/537.36"
109.237.2.64 - - [31/Dec/2021:02:52:47 +0300] "GET /bitrix/admin/site_checker.php?HTTP_HOST=naar.kit-rb.ru&SERVER_PORT=&HTTPS=&test_start=Y&lang=ru&sessid=93bc62db7c354eff4a0bf5ed4a0b1a49&step=11&global_test_vars=YToyOntzOjIwOiJzaXRlX2NoZWNrZXJfc3VjY2VzcyI7czoxOiJOIjtzOjEwOiJsYXN0X3ZhbHVlIjtzOjA6IiI7fQ== HTTP/1.1" 200 909 "http://naar.kit-rb.ru/bitrix/admin/site_checker.php?lang=ru" "Mozilla/5.0 (Windows NT 10.0; Win64; x64) AppleWebKit/537.36 (KHTML, like Gecko) Chrome/96.0.4664.110 Safari/537.36"
65.21.9.242 - - [31/Dec/2021:02:52:47 +0300] "GET /bitrix/admin/site_checker.php?test_type=socket_test&unique_id=cdcb739ba664d07d05ca95a5ae1b17a4 HTTP/1.1" 200 154 "-" "-"
109.237.2.64 - - [31/Dec/2021:02:52:47 +0300] "GET /bitrix/admin/site_checker.php?HTTP_HOST=naar.kit-rb.ru&SERVER_PORT=&HTTPS=&test_start=Y&lang=ru&sessid=93bc62db7c354eff4a0bf5ed4a0b1a49&step=12&global_test_vars=YToyOntzOjIwOiJzaXRlX2NoZWNrZXJfc3VjY2VzcyI7czoxOiJOIjtzOjEwOiJsYXN0X3ZhbHVlIjtzOjA6IiI7fQ== HTTP/1.1" 200 940 "http://naar.kit-rb.ru/bitrix/admin/site_checker.php?lang=ru" "Mozilla/5.0 (Windows NT 10.0; Win64; x64) AppleWebKit/537.36 (KHTML, like Gecko) Chrome/96.0.4664.110 Safari/537.36"
109.237.2.64 - - [31/Dec/2021:02:52:47 +0300] "GET /bitrix/admin/site_checker.php?HTTP_HOST=naar.kit-rb.ru&SERVER_PORT=&HTTPS=&test_start=Y&lang=ru&sessid=93bc62db7c354eff4a0bf5ed4a0b1a49&step=13&global_test_vars=YToyOntzOjIwOiJzaXRlX2NoZWNrZXJfc3VjY2VzcyI7czoxOiJOIjtzOjEwOiJsYXN0X3ZhbHVlIjtzOjA6IiI7fQ== HTTP/1.1" 200 932 "http://naar.kit-rb.ru/bitrix/admin/site_checker.php?lang=ru" "Mozilla/5.0 (Windows NT 10.0; Win64; x64) AppleWebKit/537.36 (KHTML, like Gecko) Chrome/96.0.4664.110 Safari/537.36"
65.21.9.242 - - [31/Dec/2021:02:52:47 +0300] "GET /bitrix/admin/site_checker.php?test_type=dbconn_test&unique_id=cdcb739ba664d07d05ca95a5ae1b17a4 HTTP/1.1" 200 756 "-" "-"
65.21.9.242 - - [31/Dec/2021:02:52:47 +0300] "POST /bitrix/admin/site_checker.php?test_type=upload_test&unique_id=cdcb739ba664d07d05ca95a5ae1b17a4&big=0&raw=0 HTTP/1.1" 200 154 "-" "-"
109.237.2.64 - - [31/Dec/2021:02:52:47 +0300] "GET /bitrix/admin/site_checker.php?HTTP_HOST=naar.kit-rb.ru&SERVER_PORT=&HTTPS=&test_start=Y&lang=ru&sessid=93bc62db7c354eff4a0bf5ed4a0b1a49&step=14&global_test_vars=YToyOntzOjIwOiJzaXRlX2NoZWNrZXJfc3VjY2VzcyI7czoxOiJOIjtzOjEwOiJsYXN0X3ZhbHVlIjtzOjA6IiI7fQ== HTTP/1.1" 200 911 "http://naar.kit-rb.ru/bitrix/admin/site_checker.php?lang=ru" "Mozilla/5.0 (Windows NT 10.0; Win64; x64) AppleWebKit/537.36 (KHTML, like Gecko) Chrome/96.0.4664.110 Safari/537.36"
65.21.9.242 - - [31/Dec/2021:02:52:48 +0300] "POST /bitrix/admin/site_checker.php?test_type=upload_test&unique_id=cdcb739ba664d07d05ca95a5ae1b17a4&big=1&raw=0 HTTP/1.1" 200 455 "-" "-"
109.237.2.64 - - [31/Dec/2021:02:52:47 +0300] "GET /bitrix/admin/site_checker.php?HTTP_HOST=naar.kit-rb.ru&SERVER_PORT=&HTTPS=&test_start=Y&lang=ru&sessid=93bc62db7c354eff4a0bf5ed4a0b1a49&step=15&global_test_vars=YToyOntzOjIwOiJzaXRlX2NoZWNrZXJfc3VjY2VzcyI7czoxOiJOIjtzOjEwOiJsYXN0X3ZhbHVlIjtzOjA6IiI7fQ== HTTP/1.1" 200 927 "http://naar.kit-rb.ru/bitrix/admin/site_checker.php?lang=ru" "Mozilla/5.0 (Windows NT 10.0; Win64; x64) AppleWebKit/537.36 (KHTML, like Gecko) Chrome/96.0.4664.110 Safari/537.36"
65.21.9.242 - - [31/Dec/2021:02:52:48 +0300] "POST /bitrix/admin/site_checker.php?test_type=upload_test&unique_id=cdcb739ba664d07d05ca95a5ae1b17a4&big=0&raw=1 HTTP/1.1" 200 154 "-" "-"
109.237.2.64 - - [31/Dec/2021:02:52:48 +0300] "GET /bitrix/admin/site_checker.php?HTTP_HOST=naar.kit-rb.ru&SERVER_PORT=&HTTPS=&test_start=Y&lang=ru&sessid=93bc62db7c354eff4a0bf5ed4a0b1a49&step=16&global_test_vars=YToyOntzOjIwOiJzaXRlX2NoZWNrZXJfc3VjY2VzcyI7czoxOiJOIjtzOjEwOiJsYXN0X3ZhbHVlIjtzOjA6IiI7fQ== HTTP/1.1" 200 976 "http://naar.kit-rb.ru/bitrix/admin/site_checker.php?lang=ru" "Mozilla/5.0 (Windows NT 10.0; Win64; x64) AppleWebKit/537.36 (KHTML, like Gecko) Chrome/96.0.4664.110 Safari/537.36"
65.21.9.242 - - [31/Dec/2021:02:52:48 +0300] "POST /bitrix/admin/site_checker.php?test_type=post_test&unique_id=cdcb739ba664d07d05ca95a5ae1b17a4 HTTP/1.1" 200 154 "-" "-"
109.237.2.64 - - [31/Dec/2021:02:52:48 +0300] "GET /bitrix/admin/site_checker.php?HTTP_HOST=naar.kit-rb.ru&SERVER_PORT=&HTTPS=&test_start=Y&lang=ru&sessid=93bc62db7c354eff4a0bf5ed4a0b1a49&step=17&global_test_vars=YToyOntzOjIwOiJzaXRlX2NoZWNrZXJfc3VjY2VzcyI7czoxOiJOIjtzOjEwOiJsYXN0X3ZhbHVlIjtzOjA6IiI7fQ== HTTP/1.1" 200 950 "http://naar.kit-rb.ru/bitrix/admin/site_checker.php?lang=ru" "Mozilla/5.0 (Windows NT 10.0; Win64; x64) AppleWebKit/537.36 (KHTML, like Gecko) Chrome/96.0.4664.110 Safari/537.36"
109.237.2.64 - - [31/Dec/2021:02:52:48 +0300] "GET /bitrix/admin/site_checker.php?HTTP_HOST=naar.kit-rb.ru&SERVER_PORT=&HTTPS=&test_start=Y&lang=ru&sessid=93bc62db7c354eff4a0bf5ed4a0b1a49&step=18&global_test_vars=YToyOntzOjIwOiJzaXRlX2NoZWNrZXJfc3VjY2VzcyI7czoxOiJOIjtzOjEwOiJsYXN0X3ZhbHVlIjtzOjA6IiI7fQ== HTTP/1.1" 200 929 "http://naar.kit-rb.ru/bitrix/admin/site_checker.php?lang=ru" "Mozilla/5.0 (Windows NT 10.0; Win64; x64) AppleWebKit/537.36 (KHTML, like Gecko) Chrome/96.0.4664.110 Safari/537.36"
109.237.2.64 - - [31/Dec/2021:02:52:48 +0300] "GET /bitrix/admin/site_checker.php?HTTP_HOST=naar.kit-rb.ru&SERVER_PORT=&HTTPS=&test_start=Y&lang=ru&sessid=93bc62db7c354eff4a0bf5ed4a0b1a49&step=19&global_test_vars=YToyOntzOjIwOiJzaXRlX2NoZWNrZXJfc3VjY2VzcyI7czoxOiJOIjtzOjEwOiJsYXN0X3ZhbHVlIjtzOjA6IiI7fQ== HTTP/1.1" 200 967 "http://naar.kit-rb.ru/bitrix/admin/site_checker.php?lang=ru" "Mozilla/5.0 (Windows NT 10.0; Win64; x64) AppleWebKit/537.36 (KHTML, like Gecko) Chrome/96.0.4664.110 Safari/537.36"
109.237.2.64 - - [31/Dec/2021:02:52:48 +0300] "GET /bitrix/admin/site_checker.php?HTTP_HOST=naar.kit-rb.ru&SERVER_PORT=&HTTPS=&test_start=Y&lang=ru&sessid=93bc62db7c354eff4a0bf5ed4a0b1a49&step=20&global_test_vars=YToyOntzOjIwOiJzaXRlX2NoZWNrZXJfc3VjY2VzcyI7czoxOiJOIjtzOjEwOiJsYXN0X3ZhbHVlIjtzOjA6IiI7fQ== HTTP/1.1" 200 981 "http://naar.kit-rb.ru/bitrix/admin/site_checker.php?lang=ru" "Mozilla/5.0 (Windows NT 10.0; Win64; x64) AppleWebKit/537.36 (KHTML, like Gecko) Chrome/96.0.4664.110 Safari/537.36"
109.237.2.64 - - [31/Dec/2021:02:52:48 +0300] "GET /bitrix/admin/site_checker.php?HTTP_HOST=naar.kit-rb.ru&SERVER_PORT=&HTTPS=&test_start=Y&lang=ru&sessid=93bc62db7c354eff4a0bf5ed4a0b1a49&step=21&global_test_vars=YToyOntzOjIwOiJzaXRlX2NoZWNrZXJfc3VjY2VzcyI7czoxOiJOIjtzOjEwOiJsYXN0X3ZhbHVlIjtzOjA6IiI7fQ== HTTP/1.1" 200 930 "http://naar.kit-rb.ru/bitrix/admin/site_checker.php?lang=ru" "Mozilla/5.0 (Windows NT 10.0; Win64; x64) AppleWebKit/537.36 (KHTML, like Gecko) Chrome/96.0.4664.110 Safari/537.36"
65.21.9.242 - - [31/Dec/2021:02:52:48 +0300] "GET /bitrix/admin/site_checker.php?test_type=redirect_test&unique_id=cdcb739ba664d07d05ca95a5ae1b17a4&SERVER_PORT=80&HTTPS=&FCGI_ROLE=&HTTP_HOST=naar.kit-rb.ru&SERVER_PROTOCOL=HTTP%2F1.1 HTTP/1.1" 302 458 "-" "-"
109.237.2.64 - - [31/Dec/2021:02:52:48 +0300] "GET /bitrix/admin/site_checker.php?HTTP_HOST=naar.kit-rb.ru&SERVER_PORT=&HTTPS=&test_start=Y&lang=ru&sessid=93bc62db7c354eff4a0bf5ed4a0b1a49&step=22&global_test_vars=YToyOntzOjIwOiJzaXRlX2NoZWNrZXJfc3VjY2VzcyI7czoxOiJOIjtzOjEwOiJsYXN0X3ZhbHVlIjtzOjA6IiI7fQ== HTTP/1.1" 200 964 "http://naar.kit-rb.ru/bitrix/admin/site_checker.php?lang=ru" "Mozilla/5.0 (Windows NT 10.0; Win64; x64) AppleWebKit/537.36 (KHTML, like Gecko) Chrome/96.0.4664.110 Safari/537.36"
65.21.9.242 - - [31/Dec/2021:02:52:48 +0300] "GET /bitrix/admin/site_checker.php?test_type=redirect_test&unique_id=cdcb739ba664d07d05ca95a5ae1b17a4&SERVER_PORT=80&HTTPS=&FCGI_ROLE=&HTTP_HOST=naar.kit-rb.ru&SERVER_PROTOCOL=HTTP%2F1.1&done=Y HTTP/1.1" 200 154 "-" "-"
109.237.2.64 - - [31/Dec/2021:02:52:48 +0300] "GET /bitrix/admin/site_checker.php?HTTP_HOST=naar.kit-rb.ru&SERVER_PORT=&HTTPS=&test_start=Y&lang=ru&sessid=93bc62db7c354eff4a0bf5ed4a0b1a49&step=22&global_test_vars=YToyOntzOjIwOiJzaXRlX2NoZWNrZXJfc3VjY2VzcyI7czoxOiJOIjtzOjEwOiJsYXN0X3ZhbHVlIjtzOjg3OiJodHRwOi8vbmFhci5raXQtcmIucnU/cmVkaXJlY3RfdGVzdD1ZJmRvbmU9WSZ1bmlxdWVfaWQ9Y2RjYjczOWJhNjY0ZDA3ZDA1Y2E5NWE1YWUxYjE3YTQiO30= HTTP/1.1" 200 963 "http://naar.kit-rb.ru/bitrix/admin/site_checker.php?lang=ru" "Mozilla/5.0 (Windows NT 10.0; Win64; x64) AppleWebKit/537.36 (KHTML, like Gecko) Chrome/96.0.4664.110 Safari/537.36"
109.237.2.64 - - [31/Dec/2021:02:52:48 +0300] "GET /bitrix/admin/site_checker.php?HTTP_HOST=naar.kit-rb.ru&SERVER_PORT=&HTTPS=&test_start=Y&lang=ru&sessid=93bc62db7c354eff4a0bf5ed4a0b1a49&step=23&global_test_vars=YToyOntzOjIwOiJzaXRlX2NoZWNrZXJfc3VjY2VzcyI7czoxOiJOIjtzOjEwOiJsYXN0X3ZhbHVlIjtzOjA6IiI7fQ== HTTP/1.1" 200 881 "http://naar.kit-rb.ru/bitrix/admin/site_checker.php?lang=ru" "Mozilla/5.0 (Windows NT 10.0; Win64; x64) AppleWebKit/537.36 (KHTML, like Gecko) Chrome/96.0.4664.110 Safari/537.36"
65.21.9.242 - - [31/Dec/2021:02:52:48 +0300] "GET /bitrix/admin/site_checker.php?test_type=memory_test&unique_id=cdcb739ba664d07d05ca95a5ae1b17a4&max=15 HTTP/1.1" 200 154 "-" "-"
109.237.2.64 - - [31/Dec/2021:02:52:48 +0300] "GET /bitrix/admin/site_checker.php?HTTP_HOST=naar.kit-rb.ru&SERVER_PORT=&HTTPS=&test_start=Y&lang=ru&sessid=93bc62db7c354eff4a0bf5ed4a0b1a49&step=23&global_test_vars=YToyOntzOjIwOiJzaXRlX2NoZWNrZXJfc3VjY2VzcyI7czoxOiJOIjtzOjEwOiJsYXN0X3ZhbHVlIjtzOjMyOiJhOjM6e2k6MDtpOjE2O2k6MTtpOjMyO2k6MjtpOjI7fSI7fQ== HTTP/1.1" 200 880 "http://naar.kit-rb.ru/bitrix/admin/site_checker.php?lang=ru" "Mozilla/5.0 (Windows NT 10.0; Win64; x64) AppleWebKit/537.36 (KHTML, like Gecko) Chrome/96.0.4664.110 Safari/537.36"
65.21.9.242 - - [31/Dec/2021:02:52:48 +0300] "GET /bitrix/admin/site_checker.php?test_type=memory_test&unique_id=cdcb739ba664d07d05ca95a5ae1b17a4&max=31 HTTP/1.1" 200 154 "-" "-"
109.237.2.64 - - [31/Dec/2021:02:52:48 +0300] "GET /bitrix/admin/site_checker.php?HTTP_HOST=naar.kit-rb.ru&SERVER_PORT=&HTTPS=&test_start=Y&lang=ru&sessid=93bc62db7c354eff4a0bf5ed4a0b1a49&step=23&global_test_vars=YToyOntzOjIwOiJzaXRlX2NoZWNrZXJfc3VjY2VzcyI7czoxOiJOIjtzOjEwOiJsYXN0X3ZhbHVlIjtzOjMyOiJhOjM6e2k6MDtpOjMyO2k6MTtpOjY0O2k6MjtpOjM7fSI7fQ== HTTP/1.1" 200 883 "http://naar.kit-rb.ru/bitrix/admin/site_checker.php?lang=ru" "Mozilla/5.0 (Windows NT 10.0; Win64; x64) AppleWebKit/537.36 (KHTML, like Gecko) Chrome/96.0.4664.110 Safari/537.36"
65.21.9.242 - - [31/Dec/2021:02:52:48 +0300] "GET /bitrix/admin/site_checker.php?test_type=memory_test&unique_id=cdcb739ba664d07d05ca95a5ae1b17a4&max=63 HTTP/1.1" 200 154 "-" "-"
109.237.2.64 - - [31/Dec/2021:02:52:49 +0300] "GET /bitrix/admin/site_checker.php?HTTP_HOST=naar.kit-rb.ru&SERVER_PORT=&HTTPS=&test_start=Y&lang=ru&sessid=93bc62db7c354eff4a0bf5ed4a0b1a49&step=23&global_test_vars=YToyOntzOjIwOiJzaXRlX2NoZWNrZXJfc3VjY2VzcyI7czoxOiJOIjtzOjEwOiJsYXN0X3ZhbHVlIjtzOjMzOiJhOjM6e2k6MDtpOjY0O2k6MTtpOjEyODtpOjI7aTo0O30iO30= HTTP/1.1" 200 881 "http://naar.kit-rb.ru/bitrix/admin/site_checker.php?lang=ru" "Mozilla/5.0 (Windows NT 10.0; Win64; x64) AppleWebKit/537.36 (KHTML, like Gecko) Chrome/96.0.4664.110 Safari/537.36"
65.21.9.242 - - [31/Dec/2021:02:52:49 +0300] "GET /bitrix/admin/site_checker.php?test_type=memory_test&unique_id=cdcb739ba664d07d05ca95a5ae1b17a4&max=127 HTTP/1.1" 200 154 "-" "-"
109.237.2.64 - - [31/Dec/2021:02:52:49 +0300] "GET /bitrix/admin/site_checker.php?HTTP_HOST=naar.kit-rb.ru&SERVER_PORT=&HTTPS=&test_start=Y&lang=ru&sessid=93bc62db7c354eff4a0bf5ed4a0b1a49&step=23&global_test_vars=YToyOntzOjIwOiJzaXRlX2NoZWNrZXJfc3VjY2VzcyI7czoxOiJOIjtzOjEwOiJsYXN0X3ZhbHVlIjtzOjM0OiJhOjM6e2k6MDtpOjEyODtpOjE7aToyNTY7aToyO2k6NTt9Ijt9 HTTP/1.1" 200 883 "http://naar.kit-rb.ru/bitrix/admin/site_checker.php?lang=ru" "Mozilla/5.0 (Windows NT 10.0; Win64; x64) AppleWebKit/537.36 (KHTML, like Gecko) Chrome/96.0.4664.110 Safari/537.36"
65.21.9.242 - - [31/Dec/2021:02:52:49 +0300] "GET /bitrix/admin/site_checker.php?test_type=memory_test&unique_id=cdcb739ba664d07d05ca95a5ae1b17a4&max=255 HTTP/1.1" 200 154 "-" "-"
109.237.2.64 - - [31/Dec/2021:02:52:49 +0300] "GET /bitrix/admin/site_checker.php?HTTP_HOST=naar.kit-rb.ru&SERVER_PORT=&HTTPS=&test_start=Y&lang=ru&sessid=93bc62db7c354eff4a0bf5ed4a0b1a49&step=23&global_test_vars=YToyOntzOjIwOiJzaXRlX2NoZWNrZXJfc3VjY2VzcyI7czoxOiJOIjtzOjEwOiJsYXN0X3ZhbHVlIjtzOjM0OiJhOjM6e2k6MDtpOjI1NjtpOjE7aTo1MTI7aToyO2k6Njt9Ijt9 HTTP/1.1" 200 885 "http://naar.kit-rb.ru/bitrix/admin/site_checker.php?lang=ru" "Mozilla/5.0 (Windows NT 10.0; Win64; x64) AppleWebKit/537.36 (KHTML, like Gecko) Chrome/96.0.4664.110 Safari/537.36"
65.21.9.242 - - [31/Dec/2021:02:52:49 +0300] "GET /bitrix/admin/site_checker.php?test_type=memory_test&unique_id=cdcb739ba664d07d05ca95a5ae1b17a4&max=511 HTTP/1.1" 200 386 "-" "-"
109.237.2.64 - - [31/Dec/2021:02:52:50 +0300] "GET /bitrix/admin/site_checker.php?HTTP_HOST=naar.kit-rb.ru&SERVER_PORT=&HTTPS=&test_start=Y&lang=ru&sessid=93bc62db7c354eff4a0bf5ed4a0b1a49&step=23&global_test_vars=YToyOntzOjIwOiJzaXRlX2NoZWNrZXJfc3VjY2VzcyI7czoxOiJOIjtzOjEwOiJsYXN0X3ZhbHVlIjtzOjM0OiJhOjM6e2k6MDtpOjI1NjtpOjE7ZDozODQ7aToyO2k6Nzt9Ijt9 HTTP/1.1" 200 1023 "http://naar.kit-rb.ru/bitrix/admin/site_checker.php?lang=ru" "Mozilla/5.0 (Windows NT 10.0; Win64; x64) AppleWebKit/537.36 (KHTML, like Gecko) Chrome/96.0.4664.110 Safari/537.36"
65.21.9.242 - - [31/Dec/2021:02:52:50 +0300] "GET /bitrix/admin/site_checker.php?test_type=memory_test&unique_id=cdcb739ba664d07d05ca95a5ae1b17a4&max=383 HTTP/1.1" 200 154 "-" "-"
109.237.2.64 - - [31/Dec/2021:02:52:50 +0300] "GET /bitrix/admin/site_checker.php?HTTP_HOST=naar.kit-rb.ru&SERVER_PORT=&HTTPS=&test_start=Y&lang=ru&sessid=93bc62db7c354eff4a0bf5ed4a0b1a49&step=24&global_test_vars=YToyOntzOjIwOiJzaXRlX2NoZWNrZXJfc3VjY2VzcyI7czoxOiJOIjtzOjEwOiJsYXN0X3ZhbHVlIjtzOjA6IiI7fQ== HTTP/1.1" 200 835 "http://naar.kit-rb.ru/bitrix/admin/site_checker.php?lang=ru" "Mozilla/5.0 (Windows NT 10.0; Win64; x64) AppleWebKit/537.36 (KHTML, like Gecko) Chrome/96.0.4664.110 Safari/537.36"
109.237.2.64 - - [31/Dec/2021:02:52:50 +0300] "GET /bitrix/admin/site_checker.php?HTTP_HOST=naar.kit-rb.ru&SERVER_PORT=&HTTPS=&test_start=Y&lang=ru&sessid=93bc62db7c354eff4a0bf5ed4a0b1a49&step=24&global_test_vars=YToyOntzOjIwOiJzaXRlX2NoZWNrZXJfc3VjY2VzcyI7czoxOiJOIjtzOjEwOiJsYXN0X3ZhbHVlIjtzOjE6IlkiO30= HTTP/1.1" 200 909 "http://naar.kit-rb.ru/bitrix/admin/site_checker.php?lang=ru" "Mozilla/5.0 (Windows NT 10.0; Win64; x64) AppleWebKit/537.36 (KHTML, like Gecko) Chrome/96.0.4664.110 Safari/537.36"
65.21.9.242 - - [31/Dec/2021:02:52:50 +0300] "GET /bitrix/admin/site_checker.php?test_type=session_test&unique_id=cdcb739ba664d07d05ca95a5ae1b17a4 HTTP/1.1" 200 342 "-" "-"
109.237.2.64 - - [31/Dec/2021:02:52:50 +0300] "GET /bitrix/admin/site_checker.php?HTTP_HOST=naar.kit-rb.ru&SERVER_PORT=&HTTPS=&test_start=Y&lang=ru&sessid=93bc62db7c354eff4a0bf5ed4a0b1a49&step=25&global_test_vars=YToyOntzOjIwOiJzaXRlX2NoZWNrZXJfc3VjY2VzcyI7czoxOiJOIjtzOjEwOiJsYXN0X3ZhbHVlIjtzOjA6IiI7fQ== HTTP/1.1" 200 891 "http://naar.kit-rb.ru/bitrix/admin/site_checker.php?lang=ru" "Mozilla/5.0 (Windows NT 10.0; Win64; x64) AppleWebKit/537.36 (KHTML, like Gecko) Chrome/96.0.4664.110 Safari/537.36"
65.21.9.242 - - [31/Dec/2021:02:52:50 +0300] "GET /bitrix/admin/site_checker.php?test_type=session_test&unique_id=cdcb739ba664d07d05ca95a5ae1b17a4 HTTP/1.1" 200 291 "-" "-"
109.237.2.64 - - [31/Dec/2021:02:52:50 +0300] "GET /bitrix/admin/site_checker.php?HTTP_HOST=naar.kit-rb.ru&SERVER_PORT=&HTTPS=&test_start=Y&lang=ru&sessid=93bc62db7c354eff4a0bf5ed4a0b1a49&step=25&global_test_vars=YToyOntzOjIwOiJzaXRlX2NoZWNrZXJfc3VjY2VzcyI7czoxOiJOIjtzOjEwOiJsYXN0X3ZhbHVlIjtzOjM2OiJQSFBTRVNTSUQ9ajRhbmxzb2o4cTY4c3NrNzBrc2U5MGd2ZjEiO30= HTTP/1.1" 200 935 "http://naar.kit-rb.ru/bitrix/admin/site_checker.php?lang=ru" "Mozilla/5.0 (Windows NT 10.0; Win64; x64) AppleWebKit/537.36 (KHTML, like Gecko) Chrome/96.0.4664.110 Safari/537.36"
109.237.2.64 - - [31/Dec/2021:02:52:50 +0300] "GET /bitrix/admin/site_checker.php?HTTP_HOST=naar.kit-rb.ru&SERVER_PORT=&HTTPS=&test_start=Y&lang=ru&sessid=93bc62db7c354eff4a0bf5ed4a0b1a49&step=26&global_test_vars=YToyOntzOjIwOiJzaXRlX2NoZWNrZXJfc3VjY2VzcyI7czoxOiJOIjtzOjEwOiJsYXN0X3ZhbHVlIjtzOjA6IiI7fQ== HTTP/1.1" 200 933 "http://naar.kit-rb.ru/bitrix/admin/site_checker.php?lang=ru" "Mozilla/5.0 (Windows NT 10.0; Win64; x64) AppleWebKit/537.36 (KHTML, like Gecko) Chrome/96.0.4664.110 Safari/537.36"
109.237.2.64 - - [31/Dec/2021:02:52:51 +0300] "GET /bitrix/admin/site_checker.php?HTTP_HOST=naar.kit-rb.ru&SERVER_PORT=&HTTPS=&test_start=Y&lang=ru&sessid=93bc62db7c354eff4a0bf5ed4a0b1a49&step=27&global_test_vars=YToyOntzOjIwOiJzaXRlX2NoZWNrZXJfc3VjY2VzcyI7czoxOiJOIjtzOjEwOiJsYXN0X3ZhbHVlIjtzOjA6IiI7fQ== HTTP/1.1" 200 932 "http://naar.kit-rb.ru/bitrix/admin/site_checker.php?lang=ru" "Mozilla/5.0 (Windows NT 10.0; Win64; x64) AppleWebKit/537.36 (KHTML, like Gecko) Chrome/96.0.4664.110 Safari/537.36"
65.21.9.242 - test_user [31/Dec/2021:02:52:51 +0300] "GET /bitrix/admin/site_checker.php?test_type=auth_test&unique_id=cdcb739ba664d07d05ca95a5ae1b17a4 HTTP/1.1" 200 154 "-" "-"
109.237.2.64 - - [31/Dec/2021:02:52:51 +0300] "GET /bitrix/admin/site_checker.php?HTTP_HOST=naar.kit-rb.ru&SERVER_PORT=&HTTPS=&test_start=Y&lang=ru&sessid=93bc62db7c354eff4a0bf5ed4a0b1a49&step=28&global_test_vars=YToyOntzOjIwOiJzaXRlX2NoZWNrZXJfc3VjY2VzcyI7czoxOiJOIjtzOjEwOiJsYXN0X3ZhbHVlIjtzOjA6IiI7fQ== HTTP/1.1" 200 927 "http://naar.kit-rb.ru/bitrix/admin/site_checker.php?lang=ru" "Mozilla/5.0 (Windows NT 10.0; Win64; x64) AppleWebKit/537.36 (KHTML, like Gecko) Chrome/96.0.4664.110 Safari/537.36"
65.21.9.242 - - [31/Dec/2021:02:52:51 +0300] "GET /bitrix/site_check_exec.php HTTP/1.1" 200 154 "-" "-"
109.237.2.64 - - [31/Dec/2021:02:52:51 +0300] "GET /bitrix/admin/site_checker.php?HTTP_HOST=naar.kit-rb.ru&SERVER_PORT=&HTTPS=&test_start=Y&lang=ru&sessid=93bc62db7c354eff4a0bf5ed4a0b1a49&step=29&global_test_vars=YToyOntzOjIwOiJzaXRlX2NoZWNrZXJfc3VjY2VzcyI7czoxOiJOIjtzOjEwOiJsYXN0X3ZhbHVlIjtzOjA6IiI7fQ== HTTP/1.1" 200 960 "http://naar.kit-rb.ru/bitrix/admin/site_checker.php?lang=ru" "Mozilla/5.0 (Windows NT 10.0; Win64; x64) AppleWebKit/537.36 (KHTML, like Gecko) Chrome/96.0.4664.110 Safari/537.36"
109.237.2.64 - - [31/Dec/2021:02:52:51 +0300] "GET /bitrix/admin/site_checker.php?HTTP_HOST=naar.kit-rb.ru&SERVER_PORT=&HTTPS=&test_start=Y&lang=ru&sessid=93bc62db7c354eff4a0bf5ed4a0b1a49&step=30&global_test_vars=YToyOntzOjIwOiJzaXRlX2NoZWNrZXJfc3VjY2VzcyI7czoxOiJOIjtzOjEwOiJsYXN0X3ZhbHVlIjtzOjA6IiI7fQ== HTTP/1.1" 200 964 "http://naar.kit-rb.ru/bitrix/admin/site_checker.php?lang=ru" "Mozilla/5.0 (Windows NT 10.0; Win64; x64) AppleWebKit/537.36 (KHTML, like Gecko) Chrome/96.0.4664.110 Safari/537.36"
109.237.2.64 - - [31/Dec/2021:02:52:51 +0300] "GET /bitrix/admin/site_checker.php?HTTP_HOST=naar.kit-rb.ru&SERVER_PORT=&HTTPS=&test_start=Y&lang=ru&sessid=93bc62db7c354eff4a0bf5ed4a0b1a49&step=31&global_test_vars=YToyOntzOjIwOiJzaXRlX2NoZWNrZXJfc3VjY2VzcyI7czoxOiJOIjtzOjEwOiJsYXN0X3ZhbHVlIjtzOjA6IiI7fQ== HTTP/1.1" 200 951 "http://naar.kit-rb.ru/bitrix/admin/site_checker.php?lang=ru" "Mozilla/5.0 (Windows NT 10.0; Win64; x64) AppleWebKit/537.36 (KHTML, like Gecko) Chrome/96.0.4664.110 Safari/537.36"
109.237.2.64 - - [31/Dec/2021:02:52:51 +0300] "GET /bitrix/admin/site_checker.php?HTTP_HOST=naar.kit-rb.ru&SERVER_PORT=&HTTPS=&test_start=Y&lang=ru&sessid=93bc62db7c354eff4a0bf5ed4a0b1a49&step=32&global_test_vars=YToyOntzOjIwOiJzaXRlX2NoZWNrZXJfc3VjY2VzcyI7czoxOiJOIjtzOjEwOiJsYXN0X3ZhbHVlIjtzOjA6IiI7fQ== HTTP/1.1" 200 951 "http://naar.kit-rb.ru/bitrix/admin/site_checker.php?lang=ru" "Mozilla/5.0 (Windows NT 10.0; Win64; x64) AppleWebKit/537.36 (KHTML, like Gecko) Chrome/96.0.4664.110 Safari/537.36"
109.237.2.64 - - [31/Dec/2021:02:52:51 +0300] "GET /bitrix/admin/site_checker.php?HTTP_HOST=naar.kit-rb.ru&SERVER_PORT=&HTTPS=&test_start=Y&lang=ru&sessid=93bc62db7c354eff4a0bf5ed4a0b1a49&step=33&global_test_vars=YToyOntzOjIwOiJzaXRlX2NoZWNrZXJfc3VjY2VzcyI7czoxOiJOIjtzOjEwOiJsYXN0X3ZhbHVlIjtzOjA6IiI7fQ== HTTP/1.1" 200 939 "http://naar.kit-rb.ru/bitrix/admin/site_checker.php?lang=ru" "Mozilla/5.0 (Windows NT 10.0; Win64; x64) AppleWebKit/537.36 (KHTML, like Gecko) Chrome/96.0.4664.110 Safari/537.36"
109.237.2.64 - - [31/Dec/2021:02:52:51 +0300] "GET /bitrix/admin/site_checker.php?HTTP_HOST=naar.kit-rb.ru&SERVER_PORT=&HTTPS=&test_start=Y&lang=ru&sessid=93bc62db7c354eff4a0bf5ed4a0b1a49&step=34&global_test_vars=YToyOntzOjIwOiJzaXRlX2NoZWNrZXJfc3VjY2VzcyI7czoxOiJOIjtzOjEwOiJsYXN0X3ZhbHVlIjtzOjA6IiI7fQ== HTTP/1.1" 200 920 "http://naar.kit-rb.ru/bitrix/admin/site_checker.php?lang=ru" "Mozilla/5.0 (Windows NT 10.0; Win64; x64) AppleWebKit/537.36 (KHTML, like Gecko) Chrome/96.0.4664.110 Safari/537.36"
109.237.2.64 - - [31/Dec/2021:02:52:51 +0300] "GET /bitrix/admin/site_checker.php?HTTP_HOST=naar.kit-rb.ru&SERVER_PORT=&HTTPS=&test_start=Y&lang=ru&sessid=93bc62db7c354eff4a0bf5ed4a0b1a49&step=35&global_test_vars=YToyOntzOjIwOiJzaXRlX2NoZWNrZXJfc3VjY2VzcyI7czoxOiJOIjtzOjEwOiJsYXN0X3ZhbHVlIjtzOjA6IiI7fQ== HTTP/1.1" 200 926 "http://naar.kit-rb.ru/bitrix/admin/site_checker.php?lang=ru" "Mozilla/5.0 (Windows NT 10.0; Win64; x64) AppleWebKit/537.36 (KHTML, like Gecko) Chrome/96.0.4664.110 Safari/537.36"
109.237.2.64 - - [31/Dec/2021:02:52:52 +0300] "GET /bitrix/admin/site_checker.php?HTTP_HOST=naar.kit-rb.ru&SERVER_PORT=&HTTPS=&test_start=Y&lang=ru&sessid=93bc62db7c354eff4a0bf5ed4a0b1a49&step=36&global_test_vars=YToyOntzOjIwOiJzaXRlX2NoZWNrZXJfc3VjY2VzcyI7czoxOiJOIjtzOjEwOiJsYXN0X3ZhbHVlIjtzOjA6IiI7fQ== HTTP/1.1" 200 933 "http://naar.kit-rb.ru/bitrix/admin/site_checker.php?lang=ru" "Mozilla/5.0 (Windows NT 10.0; Win64; x64) AppleWebKit/537.36 (KHTML, like Gecko) Chrome/96.0.4664.110 Safari/537.36"
109.237.2.64 - - [31/Dec/2021:02:52:53 +0300] "GET /bitrix/admin/site_checker.php?HTTP_HOST=naar.kit-rb.ru&SERVER_PORT=&HTTPS=&test_start=Y&lang=ru&sessid=93bc62db7c354eff4a0bf5ed4a0b1a49&step=37&global_test_vars=YToyOntzOjIwOiJzaXRlX2NoZWNrZXJfc3VjY2VzcyI7czoxOiJOIjtzOjEwOiJsYXN0X3ZhbHVlIjtzOjA6IiI7fQ== HTTP/1.1" 200 923 "http://naar.kit-rb.ru/bitrix/admin/site_checker.php?lang=ru" "Mozilla/5.0 (Windows NT 10.0; Win64; x64) AppleWebKit/537.36 (KHTML, like Gecko) Chrome/96.0.4664.110 Safari/537.36"
109.237.2.64 - - [31/Dec/2021:02:52:53 +0300] "GET /bitrix/admin/site_checker.php?HTTP_HOST=naar.kit-rb.ru&SERVER_PORT=&HTTPS=&test_start=Y&lang=ru&sessid=93bc62db7c354eff4a0bf5ed4a0b1a49&step=38&global_test_vars=YToyOntzOjIwOiJzaXRlX2NoZWNrZXJfc3VjY2VzcyI7czoxOiJOIjtzOjEwOiJsYXN0X3ZhbHVlIjtzOjA6IiI7fQ== HTTP/1.1" 200 928 "http://naar.kit-rb.ru/bitrix/admin/site_checker.php?lang=ru" "Mozilla/5.0 (Windows NT 10.0; Win64; x64) AppleWebKit/537.36 (KHTML, like Gecko) Chrome/96.0.4664.110 Safari/537.36"
109.237.2.64 - - [31/Dec/2021:02:52:54 +0300] "GET /bitrix/admin/site_checker.php?HTTP_HOST=naar.kit-rb.ru&SERVER_PORT=&HTTPS=&test_start=Y&lang=ru&sessid=93bc62db7c354eff4a0bf5ed4a0b1a49&step=39&global_test_vars=YToyOntzOjIwOiJzaXRlX2NoZWNrZXJfc3VjY2VzcyI7czoxOiJOIjtzOjEwOiJsYXN0X3ZhbHVlIjtzOjA6IiI7fQ== HTTP/1.1" 200 1020 "http://naar.kit-rb.ru/bitrix/admin/site_checker.php?lang=ru" "Mozilla/5.0 (Windows NT 10.0; Win64; x64) AppleWebKit/537.36 (KHTML, like Gecko) Chrome/96.0.4664.110 Safari/537.36"
109.237.2.64 - - [31/Dec/2021:02:52:54 +0300] "GET /bitrix/admin/site_checker.php?HTTP_HOST=naar.kit-rb.ru&SERVER_PORT=&HTTPS=&test_start=Y&lang=ru&sessid=93bc62db7c354eff4a0bf5ed4a0b1a49&step=40&global_test_vars=YTozOntzOjIwOiJzaXRlX2NoZWNrZXJfc3VjY2VzcyI7czoxOiJOIjtzOjEwOiJsYXN0X3ZhbHVlIjtzOjA6IiI7czoyOToiY2hlY2tfY29ubmVjdGlvbl9jaGFyc2V0X2ZhaWwiO2I6MTt9 HTTP/1.1" 200 1024 "http://naar.kit-rb.ru/bitrix/admin/site_checker.php?lang=ru" "Mozilla/5.0 (Windows NT 10.0; Win64; x64) AppleWebKit/537.36 (KHTML, like Gecko) Chrome/96.0.4664.110 Safari/537.36"
109.237.2.64 - - [31/Dec/2021:02:52:54 +0300] "GET /bitrix/admin/site_checker.php?HTTP_HOST=naar.kit-rb.ru&SERVER_PORT=&HTTPS=&test_start=Y&lang=ru&sessid=93bc62db7c354eff4a0bf5ed4a0b1a49&step=41&global_test_vars=YTozOntzOjIwOiJzaXRlX2NoZWNrZXJfc3VjY2VzcyI7czoxOiJOIjtzOjEwOiJsYXN0X3ZhbHVlIjtzOjA6IiI7czoyOToiY2hlY2tfY29ubmVjdGlvbl9jaGFyc2V0X2ZhaWwiO2I6MTt9 HTTP/1.1" 200 1036 "http://naar.kit-rb.ru/bitrix/admin/site_checker.php?lang=ru" "Mozilla/5.0 (Windows NT 10.0; Win64; x64) AppleWebKit/537.36 (KHTML, like Gecko) Chrome/96.0.4664.110 Safari/537.36"
109.237.2.64 - - [31/Dec/2021:02:52:54 +0300] "GET /bitrix/admin/site_checker.php?HTTP_HOST=naar.kit-rb.ru&SERVER_PORT=&HTTPS=&test_start=Y&lang=ru&sessid=93bc62db7c354eff4a0bf5ed4a0b1a49&step=42&global_test_vars=YTozOntzOjIwOiJzaXRlX2NoZWNrZXJfc3VjY2VzcyI7czoxOiJOIjtzOjEwOiJsYXN0X3ZhbHVlIjtzOjA6IiI7czoyOToiY2hlY2tfY29ubmVjdGlvbl9jaGFyc2V0X2ZhaWwiO2I6MTt9 HTTP/1.1" 200 900 "http://naar.kit-rb.ru/bitrix/admin/site_checker.php?lang=ru" "Mozilla/5.0 (Windows NT 10.0; Win64; x64) AppleWebKit/537.36 (KHTML, like Gecko) Chrome/96.0.4664.110 Safari/537.36"
109.237.2.64 - - [31/Dec/2021:02:52:54 +0300] "GET /bitrix/admin/site_checker.php?HTTP_HOST=naar.kit-rb.ru&SERVER_PORT=&HTTPS=&test_start=Y&lang=ru&sessid=93bc62db7c354eff4a0bf5ed4a0b1a49&step=42&global_test_vars=YTozOntzOjIwOiJzaXRlX2NoZWNrZXJfc3VjY2VzcyI7czoxOiJOIjtzOjEwOiJsYXN0X3ZhbHVlIjtzOjEzOiJzaXRlY29ycG9yYXRlIjtzOjI5OiJjaGVja19jb25uZWN0aW9uX2NoYXJzZXRfZmFpbCI7YjoxO30= HTTP/1.1" 200 903 "http://naar.kit-rb.ru/bitrix/admin/site_checker.php?lang=ru" "Mozilla/5.0 (Windows NT 10.0; Win64; x64) AppleWebKit/537.36 (KHTML, like Gecko) Chrome/96.0.4664.110 Safari/537.36"
109.237.2.64 - - [31/Dec/2021:02:52:55 +0300] "GET /bitrix/admin/site_checker.php?HTTP_HOST=naar.kit-rb.ru&SERVER_PORT=&HTTPS=&test_start=Y&lang=ru&sessid=93bc62db7c354eff4a0bf5ed4a0b1a49&step=42&global_test_vars=YTozOntzOjIwOiJzaXRlX2NoZWNrZXJfc3VjY2VzcyI7czoxOiJOIjtzOjI5OiJjaGVja19jb25uZWN0aW9uX2NoYXJzZXRfZmFpbCI7YjoxO3M6MTA6Imxhc3RfdmFsdWUiO3M6ODoiY3VycmVuY3kiO30= HTTP/1.1" 200 957 "http://naar.kit-rb.ru/bitrix/admin/site_checker.php?lang=ru" "Mozilla/5.0 (Windows NT 10.0; Win64; x64) AppleWebKit/537.36 (KHTML, like Gecko) Chrome/96.0.4664.110 Safari/537.36"
109.237.2.64 - - [31/Dec/2021:02:52:55 +0300] "GET /bitrix/admin/site_checker.php?HTTP_HOST=naar.kit-rb.ru&SERVER_PORT=&HTTPS=&test_start=Y&lang=ru&sessid=93bc62db7c354eff4a0bf5ed4a0b1a49&step=42&global_test_vars=YTo2OntzOjIwOiJzaXRlX2NoZWNrZXJfc3VjY2VzcyI7czoxOiJOIjtzOjI5OiJjaGVja19jb25uZWN0aW9uX2NoYXJzZXRfZmFpbCI7YjoxO3M6NjoiaUVycm9yIjtpOjI7czoxMzoiaUVycm9yQXV0b0ZpeCI7aToyO3M6MTM6ImNudERpZmZGaWVsZHMiO2k6MjtzOjEwOiJsYXN0X3ZhbHVlIjtzOjg6InNlY3VyaXR5Ijt9 HTTP/1.1" 200 959 "http://naar.kit-rb.ru/bitrix/admin/site_checker.php?lang=ru" "Mozilla/5.0 (Windows NT 10.0; Win64; x64) AppleWebKit/537.36 (KHTML, like Gecko) Chrome/96.0.4664.110 Safari/537.36"
109.237.2.64 - - [31/Dec/2021:02:52:56 +0300] "GET /bitrix/admin/site_checker.php?HTTP_HOST=naar.kit-rb.ru&SERVER_PORT=&HTTPS=&test_start=Y&lang=ru&sessid=93bc62db7c354eff4a0bf5ed4a0b1a49&step=42&global_test_vars=YTo2OntzOjIwOiJzaXRlX2NoZWNrZXJfc3VjY2VzcyI7czoxOiJOIjtzOjI5OiJjaGVja19jb25uZWN0aW9uX2NoYXJzZXRfZmFpbCI7YjoxO3M6NjoiaUVycm9yIjtpOjc7czoxMzoiaUVycm9yQXV0b0ZpeCI7aTo3O3M6MTM6ImNudERpZmZGaWVsZHMiO2k6NztzOjEwOiJsYXN0X3ZhbHVlIjtzOjc6InBlcmZtb24iO30= HTTP/1.1" 200 959 "http://naar.kit-rb.ru/bitrix/admin/site_checker.php?lang=ru" "Mozilla/5.0 (Windows NT 10.0; Win64; x64) AppleWebKit/537.36 (KHTML, like Gecko) Chrome/96.0.4664.110 Safari/537.36"
109.237.2.64 - - [31/Dec/2021:02:52:57 +0300] "GET /bitrix/admin/site_checker.php?HTTP_HOST=naar.kit-rb.ru&SERVER_PORT=&HTTPS=&test_start=Y&lang=ru&sessid=93bc62db7c354eff4a0bf5ed4a0b1a49&step=42&global_test_vars=YTo2OntzOjIwOiJzaXRlX2NoZWNrZXJfc3VjY2VzcyI7czoxOiJOIjtzOjI5OiJjaGVja19jb25uZWN0aW9uX2NoYXJzZXRfZmFpbCI7YjoxO3M6NjoiaUVycm9yIjtpOjc7czoxMzoiaUVycm9yQXV0b0ZpeCI7aTo3O3M6MTM6ImNudERpZmZGaWVsZHMiO2k6NztzOjEwOiJsYXN0X3ZhbHVlIjtzOjY6InNlYXJjaCI7fQ== HTTP/1.1" 200 965 "http://naar.kit-rb.ru/bitrix/admin/site_checker.php?lang=ru" "Mozilla/5.0 (Windows NT 10.0; Win64; x64) AppleWebKit/537.36 (KHTML, like Gecko) Chrome/96.0.4664.110 Safari/537.36"
109.237.2.64 - - [31/Dec/2021:02:52:57 +0300] "GET /bitrix/admin/site_checker.php?HTTP_HOST=naar.kit-rb.ru&SERVER_PORT=&HTTPS=&test_start=Y&lang=ru&sessid=93bc62db7c354eff4a0bf5ed4a0b1a49&step=42&global_test_vars=YTo2OntzOjIwOiJzaXRlX2NoZWNrZXJfc3VjY2VzcyI7czoxOiJOIjtzOjI5OiJjaGVja19jb25uZWN0aW9uX2NoYXJzZXRfZmFpbCI7YjoxO3M6NjoiaUVycm9yIjtpOjc7czoxMzoiaUVycm9yQXV0b0ZpeCI7aTo3O3M6MTM6ImNudERpZmZGaWVsZHMiO2k6NztzOjEwOiJsYXN0X3ZhbHVlIjtzOjExOiJhZHZlcnRpc2luZyI7fQ== HTTP/1.1" 200 959 "http://naar.kit-rb.ru/bitrix/admin/site_checker.php?lang=ru" "Mozilla/5.0 (Windows NT 10.0; Win64; x64) AppleWebKit/537.36 (KHTML, like Gecko) Chrome/96.0.4664.110 Safari/537.36"
109.237.2.64 - - [31/Dec/2021:02:52:58 +0300] "GET /bitrix/admin/site_checker.php?HTTP_HOST=naar.kit-rb.ru&SERVER_PORT=&HTTPS=&test_start=Y&lang=ru&sessid=93bc62db7c354eff4a0bf5ed4a0b1a49&step=42&global_test_vars=YTo2OntzOjIwOiJzaXRlX2NoZWNrZXJfc3VjY2VzcyI7czoxOiJOIjtzOjI5OiJjaGVja19jb25uZWN0aW9uX2NoYXJzZXRfZmFpbCI7YjoxO3M6NjoiaUVycm9yIjtpOjc7czoxMzoiaUVycm9yQXV0b0ZpeCI7aTo3O3M6MTM6ImNudERpZmZGaWVsZHMiO2k6NztzOjEwOiJsYXN0X3ZhbHVlIjtzOjc6ImJpenByb2MiO30= HTTP/1.1" 200 963 "http://naar.kit-rb.ru/bitrix/admin/site_checker.php?lang=ru" "Mozilla/5.0 (Windows NT 10.0; Win64; x64) AppleWebKit/537.36 (KHTML, like Gecko) Chrome/96.0.4664.110 Safari/537.36"
109.237.2.64 - - [31/Dec/2021:02:52:58 +0300] "GET /bitrix/admin/site_checker.php?HTTP_HOST=naar.kit-rb.ru&SERVER_PORT=&HTTPS=&test_start=Y&lang=ru&sessid=93bc62db7c354eff4a0bf5ed4a0b1a49&step=42&global_test_vars=YTo2OntzOjIwOiJzaXRlX2NoZWNrZXJfc3VjY2VzcyI7czoxOiJOIjtzOjI5OiJjaGVja19jb25uZWN0aW9uX2NoYXJzZXRfZmFpbCI7YjoxO3M6NjoiaUVycm9yIjtpOjc7czoxMzoiaUVycm9yQXV0b0ZpeCI7aTo3O3M6MTM6ImNudERpZmZGaWVsZHMiO2k6NztzOjEwOiJsYXN0X3ZhbHVlIjtzOjk6Im1vYmlsZWFwcCI7fQ== HTTP/1.1" 200 959 "http://naar.kit-rb.ru/bitrix/admin/site_checker.php?lang=ru" "Mozilla/5.0 (Windows NT 10.0; Win64; x64) AppleWebKit/537.36 (KHTML, like Gecko) Chrome/96.0.4664.110 Safari/537.36"
109.237.2.64 - - [31/Dec/2021:02:52:58 +0300] "GET /bitrix/admin/site_checker.php?HTTP_HOST=naar.kit-rb.ru&SERVER_PORT=&HTTPS=&test_start=Y&lang=ru&sessid=93bc62db7c354eff4a0bf5ed4a0b1a49&step=42&global_test_vars=YTo2OntzOjIwOiJzaXRlX2NoZWNrZXJfc3VjY2VzcyI7czoxOiJOIjtzOjI5OiJjaGVja19jb25uZWN0aW9uX2NoYXJzZXRfZmFpbCI7YjoxO3M6NjoiaUVycm9yIjtpOjc7czoxMzoiaUVycm9yQXV0b0ZpeCI7aTo3O3M6MTM6ImNudERpZmZGaWVsZHMiO2k6NztzOjEwOiJsYXN0X3ZhbHVlIjtzOjg6ImNhbGVuZGFyIjt9 HTTP/1.1" 200 959 "http://naar.kit-rb.ru/bitrix/admin/site_checker.php?lang=ru" "Mozilla/5.0 (Windows NT 10.0; Win64; x64) AppleWebKit/537.36 (KHTML, like Gecko) Chrome/96.0.4664.110 Safari/537.36"
109.237.2.64 - - [31/Dec/2021:02:52:58 +0300] "GET /bitrix/admin/site_checker.php?HTTP_HOST=naar.kit-rb.ru&SERVER_PORT=&HTTPS=&test_start=Y&lang=ru&sessid=93bc62db7c354eff4a0bf5ed4a0b1a49&step=42&global_test_vars=YTo2OntzOjIwOiJzaXRlX2NoZWNrZXJfc3VjY2VzcyI7czoxOiJOIjtzOjI5OiJjaGVja19jb25uZWN0aW9uX2NoYXJzZXRfZmFpbCI7YjoxO3M6NjoiaUVycm9yIjtpOjc7czoxMzoiaUVycm9yQXV0b0ZpeCI7aTo3O3M6MTM6ImNudERpZmZGaWVsZHMiO2k6NztzOjEwOiJsYXN0X3ZhbHVlIjtzOjY6ImNsb3VkcyI7fQ== HTTP/1.1" 200 968 "http://naar.kit-rb.ru/bitrix/admin/site_checker.php?lang=ru" "Mozilla/5.0 (Windows NT 10.0; Win64; x64) AppleWebKit/537.36 (KHTML, like Gecko) Chrome/96.0.4664.110 Safari/537.36"
109.237.2.64 - - [31/Dec/2021:02:52:59 +0300] "GET /bitrix/admin/site_checker.php?HTTP_HOST=naar.kit-rb.ru&SERVER_PORT=&HTTPS=&test_start=Y&lang=ru&sessid=93bc62db7c354eff4a0bf5ed4a0b1a49&step=42&global_test_vars=YTo2OntzOjIwOiJzaXRlX2NoZWNrZXJfc3VjY2VzcyI7czoxOiJOIjtzOjI5OiJjaGVja19jb25uZWN0aW9uX2NoYXJzZXRfZmFpbCI7YjoxO3M6NjoiaUVycm9yIjtpOjc7czoxMzoiaUVycm9yQXV0b0ZpeCI7aTo3O3M6MTM6ImNudERpZmZGaWVsZHMiO2k6NztzOjEwOiJsYXN0X3ZhbHVlIjtzOjE0OiJzb2NpYWxzZXJ2aWNlcyI7fQ== HTTP/1.1" 200 957 "http://naar.kit-rb.ru/bitrix/admin/site_checker.php?lang=ru" "Mozilla/5.0 (Windows NT 10.0; Win64; x64) AppleWebKit/537.36 (KHTML, like Gecko) Chrome/96.0.4664.110 Safari/537.36"
109.237.2.64 - - [31/Dec/2021:02:52:59 +0300] "GET /bitrix/admin/site_checker.php?HTTP_HOST=naar.kit-rb.ru&SERVER_PORT=&HTTPS=&test_start=Y&lang=ru&sessid=93bc62db7c354eff4a0bf5ed4a0b1a49&step=42&global_test_vars=YTo2OntzOjIwOiJzaXRlX2NoZWNrZXJfc3VjY2VzcyI7czoxOiJOIjtzOjI5OiJjaGVja19jb25uZWN0aW9uX2NoYXJzZXRfZmFpbCI7YjoxO3M6NjoiaUVycm9yIjtpOjc7czoxMzoiaUVycm9yQXV0b0ZpeCI7aTo3O3M6MTM6ImNudERpZmZGaWVsZHMiO2k6NztzOjEwOiJsYXN0X3ZhbHVlIjtzOjQ6ImlkZWEiO30= HTTP/1.1" 200 971 "http://naar.kit-rb.ru/bitrix/admin/site_checker.php?lang=ru" "Mozilla/5.0 (Windows NT 10.0; Win64; x64) AppleWebKit/537.36 (KHTML, like Gecko) Chrome/96.0.4664.110 Safari/537.36"
109.237.2.64 - - [31/Dec/2021:02:52:59 +0300] "GET /bitrix/admin/site_checker.php?HTTP_HOST=naar.kit-rb.ru&SERVER_PORT=&HTTPS=&test_start=Y&lang=ru&sessid=93bc62db7c354eff4a0bf5ed4a0b1a49&step=42&global_test_vars=YTo2OntzOjIwOiJzaXRlX2NoZWNrZXJfc3VjY2VzcyI7czoxOiJOIjtzOjI5OiJjaGVja19jb25uZWN0aW9uX2NoYXJzZXRfZmFpbCI7YjoxO3M6NjoiaUVycm9yIjtpOjc7czoxMzoiaUVycm9yQXV0b0ZpeCI7aTo3O3M6MTM6ImNudERpZmZGaWVsZHMiO2k6NztzOjEwOiJsYXN0X3ZhbHVlIjtzOjE5OiJ1cGRhdGVyX3BhcnRuZXIubG9nIjt9 HTTP/1.1" 200 957 "http://naar.kit-rb.ru/bitrix/admin/site_checker.php?lang=ru" "Mozilla/5.0 (Windows NT 10.0; Win64; x64) AppleWebKit/537.36 (KHTML, like Gecko) Chrome/96.0.4664.110 Safari/537.36"
109.237.2.64 - - [31/Dec/2021:02:52:59 +0300] "GET /bitrix/admin/site_checker.php?HTTP_HOST=naar.kit-rb.ru&SERVER_PORT=&HTTPS=&test_start=Y&lang=ru&sessid=93bc62db7c354eff4a0bf5ed4a0b1a49&step=42&global_test_vars=YTo2OntzOjIwOiJzaXRlX2NoZWNrZXJfc3VjY2VzcyI7czoxOiJOIjtzOjI5OiJjaGVja19jb25uZWN0aW9uX2NoYXJzZXRfZmFpbCI7YjoxO3M6NjoiaUVycm9yIjtpOjc7czoxMzoiaUVycm9yQXV0b0ZpeCI7aTo3O3M6MTM6ImNudERpZmZGaWVsZHMiO2k6NztzOjEwOiJsYXN0X3ZhbHVlIjtzOjQ6ImJsb2ciO30= HTTP/1.1" 200 960 "http://naar.kit-rb.ru/bitrix/admin/site_checker.php?lang=ru" "Mozilla/5.0 (Windows NT 10.0; Win64; x64) AppleWebKit/537.36 (KHTML, like Gecko) Chrome/96.0.4664.110 Safari/537.36"
109.237.2.64 - - [31/Dec/2021:02:53:00 +0300] "GET /bitrix/admin/site_checker.php?HTTP_HOST=naar.kit-rb.ru&SERVER_PORT=&HTTPS=&test_start=Y&lang=ru&sessid=93bc62db7c354eff4a0bf5ed4a0b1a49&step=42&global_test_vars=YTo2OntzOjIwOiJzaXRlX2NoZWNrZXJfc3VjY2VzcyI7czoxOiJOIjtzOjI5OiJjaGVja19jb25uZWN0aW9uX2NoYXJzZXRfZmFpbCI7YjoxO3M6NjoiaUVycm9yIjtpOjc7czoxMzoiaUVycm9yQXV0b0ZpeCI7aTo3O3M6MTM6ImNudERpZmZGaWVsZHMiO2k6NztzOjEwOiJsYXN0X3ZhbHVlIjtzOjc6ImZpbGVtYW4iO30= HTTP/1.1" 200 964 "http://naar.kit-rb.ru/bitrix/admin/site_checker.php?lang=ru" "Mozilla/5.0 (Windows NT 10.0; Win64; x64) AppleWebKit/537.36 (KHTML, like Gecko) Chrome/96.0.4664.110 Safari/537.36"
109.237.2.64 - - [31/Dec/2021:02:53:01 +0300] "GET /bitrix/admin/site_checker.php?HTTP_HOST=naar.kit-rb.ru&SERVER_PORT=&HTTPS=&test_start=Y&lang=ru&sessid=93bc62db7c354eff4a0bf5ed4a0b1a49&step=42&global_test_vars=YTo2OntzOjIwOiJzaXRlX2NoZWNrZXJfc3VjY2VzcyI7czoxOiJOIjtzOjI5OiJjaGVja19jb25uZWN0aW9uX2NoYXJzZXRfZmFpbCI7YjoxO3M6NjoiaUVycm9yIjtpOjc7czoxMzoiaUVycm9yQXV0b0ZpeCI7aTo3O3M6MTM6ImNudERpZmZGaWVsZHMiO2k6NztzOjEwOiJsYXN0X3ZhbHVlIjtzOjEzOiJzb2NpYWxuZXR3b3JrIjt9 HTTP/1.1" 200 962 "http://naar.kit-rb.ru/bitrix/admin/site_checker.php?lang=ru" "Mozilla/5.0 (Windows NT 10.0; Win64; x64) AppleWebKit/537.36 (KHTML, like Gecko) Chrome/96.0.4664.110 Safari/537.36"
109.237.2.64 - - [31/Dec/2021:02:53:02 +0300] "GET /bitrix/admin/site_checker.php?HTTP_HOST=naar.kit-rb.ru&SERVER_PORT=&HTTPS=&test_start=Y&lang=ru&sessid=93bc62db7c354eff4a0bf5ed4a0b1a49&step=42&global_test_vars=YTo2OntzOjIwOiJzaXRlX2NoZWNrZXJfc3VjY2VzcyI7czoxOiJOIjtzOjI5OiJjaGVja19jb25uZWN0aW9uX2NoYXJzZXRfZmFpbCI7YjoxO3M6NjoiaUVycm9yIjtpOjc7czoxMzoiaUVycm9yQXV0b0ZpeCI7aTo3O3M6MTM6ImNudERpZmZGaWVsZHMiO2k6NztzOjEwOiJsYXN0X3ZhbHVlIjtzOjc6InN1cHBvcnQiO30= HTTP/1.1" 200 965 "http://naar.kit-rb.ru/bitrix/admin/site_checker.php?lang=ru" "Mozilla/5.0 (Windows NT 10.0; Win64; x64) AppleWebKit/537.36 (KHTML, like Gecko) Chrome/96.0.4664.110 Safari/537.36"
109.237.2.64 - - [31/Dec/2021:02:53:02 +0300] "GET /bitrix/admin/site_checker.php?HTTP_HOST=naar.kit-rb.ru&SERVER_PORT=&HTTPS=&test_start=Y&lang=ru&sessid=93bc62db7c354eff4a0bf5ed4a0b1a49&step=42&global_test_vars=YTo2OntzOjIwOiJzaXRlX2NoZWNrZXJfc3VjY2VzcyI7czoxOiJOIjtzOjI5OiJjaGVja19jb25uZWN0aW9uX2NoYXJzZXRfZmFpbCI7YjoxO3M6NjoiaUVycm9yIjtpOjc7czoxMzoiaUVycm9yQXV0b0ZpeCI7aTo3O3M6MTM6ImNudERpZmZGaWVsZHMiO2k6NztzOjEwOiJsYXN0X3ZhbHVlIjtzOjExOiJiaXRyaXhjbG91ZCI7fQ== HTTP/1.1" 200 967 "http://naar.kit-rb.ru/bitrix/admin/site_checker.php?lang=ru" "Mozilla/5.0 (Windows NT 10.0; Win64; x64) AppleWebKit/537.36 (KHTML, like Gecko) Chrome/96.0.4664.110 Safari/537.36"
109.237.2.64 - - [31/Dec/2021:02:53:02 +0300] "GET /bitrix/admin/site_checker.php?HTTP_HOST=naar.kit-rb.ru&SERVER_PORT=&HTTPS=&test_start=Y&lang=ru&sessid=93bc62db7c354eff4a0bf5ed4a0b1a49&step=42&global_test_vars=YTo2OntzOjIwOiJzaXRlX2NoZWNrZXJfc3VjY2VzcyI7czoxOiJOIjtzOjI5OiJjaGVja19jb25uZWN0aW9uX2NoYXJzZXRfZmFpbCI7YjoxO3M6NjoiaUVycm9yIjtpOjc7czoxMzoiaUVycm9yQXV0b0ZpeCI7aTo3O3M6MTM6ImNudERpZmZGaWVsZHMiO2k6NztzOjEwOiJsYXN0X3ZhbHVlIjtzOjExOiJ1cGRhdGVyLmxvZyI7fQ== HTTP/1.1" 200 967 "http://naar.kit-rb.ru/bitrix/admin/site_checker.php?lang=ru" "Mozilla/5.0 (Windows NT 10.0; Win64; x64) AppleWebKit/537.36 (KHTML, like Gecko) Chrome/96.0.4664.110 Safari/537.36"
109.237.2.64 - - [31/Dec/2021:02:53:02 +0300] "GET /bitrix/admin/site_checker.php?HTTP_HOST=naar.kit-rb.ru&SERVER_PORT=&HTTPS=&test_start=Y&lang=ru&sessid=93bc62db7c354eff4a0bf5ed4a0b1a49&step=42&global_test_vars=YTo2OntzOjIwOiJzaXRlX2NoZWNrZXJfc3VjY2VzcyI7czoxOiJOIjtzOjI5OiJjaGVja19jb25uZWN0aW9uX2NoYXJzZXRfZmFpbCI7YjoxO3M6NjoiaUVycm9yIjtpOjc7czoxMzoiaUVycm9yQXV0b0ZpeCI7aTo3O3M6MTM6ImNudERpZmZGaWVsZHMiO2k6NztzOjEwOiJsYXN0X3ZhbHVlIjtzOjE0OiJzaXRlaW5mb3BvcnRhbCI7fQ== HTTP/1.1" 200 959 "http://naar.kit-rb.ru/bitrix/admin/site_checker.php?lang=ru" "Mozilla/5.0 (Windows NT 10.0; Win64; x64) AppleWebKit/537.36 (KHTML, like Gecko) Chrome/96.0.4664.110 Safari/537.36"
109.237.2.64 - - [31/Dec/2021:02:53:03 +0300] "GET /bitrix/admin/site_checker.php?HTTP_HOST=naar.kit-rb.ru&SERVER_PORT=&HTTPS=&test_start=Y&lang=ru&sessid=93bc62db7c354eff4a0bf5ed4a0b1a49&step=42&global_test_vars=YTo2OntzOjIwOiJzaXRlX2NoZWNrZXJfc3VjY2VzcyI7czoxOiJOIjtzOjI5OiJjaGVja19jb25uZWN0aW9uX2NoYXJzZXRfZmFpbCI7YjoxO3M6NjoiaUVycm9yIjtpOjc7czoxMzoiaUVycm9yQXV0b0ZpeCI7aTo3O3M6MTM6ImNudERpZmZGaWVsZHMiO2k6NztzOjEwOiJsYXN0X3ZhbHVlIjtzOjY6ImlibG9jayI7fQ== HTTP/1.1" 200 966 "http://naar.kit-rb.ru/bitrix/admin/site_checker.php?lang=ru" "Mozilla/5.0 (Windows NT 10.0; Win64; x64) AppleWebKit/537.36 (KHTML, like Gecko) Chrome/96.0.4664.110 Safari/537.36"
