109.237.2.64 - - [31/Dec/2021:00:41:14 +0300] "GET / HTTP/1.1" 500 364 "-" "Mozilla/5.0 (Windows NT 10.0; Win64; x64) AppleWebKit/537.36 (KHTML, like Gecko) Chrome/96.0.4664.110 Safari/537.36"
109.237.2.64 - - [31/Dec/2021:00:41:42 +0300] "GET / HTTP/1.1" 200 3154 "-" "Mozilla/5.0 (Windows NT 10.0; Win64; x64) AppleWebKit/537.36 (KHTML, like Gecko) Chrome/96.0.4664.110 Safari/537.36"
109.237.2.64 - - [31/Dec/2021:00:42:13 +0300] "GET /images/naar/ico-articles.png HTTP/1.1" 200 1912 "http://naar.kit-rb.ru/" "Mozilla/5.0 (Windows NT 10.0; Win64; x64) AppleWebKit/537.36 (KHTML, like Gecko) Chrome/96.0.4664.110 Safari/537.36"
109.237.2.64 - - [31/Dec/2021:00:42:14 +0300] "GET /favicon.ico HTTP/1.1" 200 1450 "http://naar.kit-rb.ru/" "Mozilla/5.0 (Windows NT 10.0; Win64; x64) AppleWebKit/537.36 (KHTML, like Gecko) Chrome/96.0.4664.110 Safari/537.36"
109.237.2.64 - - [31/Dec/2021:00:42:24 +0300] "GET /bitrix HTTP/1.1" 301 583 "-" "Mozilla/5.0 (Windows NT 10.0; Win64; x64) AppleWebKit/537.36 (KHTML, like Gecko) Chrome/96.0.4664.110 Safari/537.36"
109.237.2.64 - - [31/Dec/2021:00:42:24 +0300] "GET /bitrix/ HTTP/1.1" 200 348 "-" "Mozilla/5.0 (Windows NT 10.0; Win64; x64) AppleWebKit/537.36 (KHTML, like Gecko) Chrome/96.0.4664.110 Safari/537.36"
109.237.2.64 - - [31/Dec/2021:00:42:25 +0300] "GET /bitrix/admin/index.php HTTP/1.1" 200 5008 "http://naar.kit-rb.ru/bitrix/" "Mozilla/5.0 (Windows NT 10.0; Win64; x64) AppleWebKit/537.36 (KHTML, like Gecko) Chrome/96.0.4664.110 Safari/537.36"
109.237.2.64 - - [31/Dec/2021:00:42:27 +0300] "GET /bitrix/panel/main/popup.css?1388067420 HTTP/1.1" 200 4479 "http://naar.kit-rb.ru/bitrix/admin/index.php" "Mozilla/5.0 (Windows NT 10.0; Win64; x64) AppleWebKit/537.36 (KHTML, like Gecko) Chrome/96.0.4664.110 Safari/537.36"
109.237.2.64 - - [31/Dec/2021:00:42:27 +0300] "GET /bitrix/panel/main/login.css?1388067420 HTTP/1.1" 200 5498 "http://naar.kit-rb.ru/bitrix/admin/index.php" "Mozilla/5.0 (Windows NT 10.0; Win64; x64) AppleWebKit/537.36 (KHTML, like Gecko) Chrome/96.0.4664.110 Safari/537.36"
109.237.2.64 - - [31/Dec/2021:00:42:27 +0300] "GET /bitrix/js/main/core/core_ajax.js?1388067420 HTTP/1.1" 200 8424 "http://naar.kit-rb.ru/bitrix/admin/index.php" "Mozilla/5.0 (Windows NT 10.0; Win64; x64) AppleWebKit/537.36 (KHTML, like Gecko) Chrome/96.0.4664.110 Safari/537.36"
109.237.2.64 - - [31/Dec/2021:00:42:27 +0300] "GET /bitrix/js/main/core/core_admin_login.js?1388067420 HTTP/1.1" 200 3891 "http://naar.kit-rb.ru/bitrix/admin/index.php" "Mozilla/5.0 (Windows NT 10.0; Win64; x64) AppleWebKit/537.36 (KHTML, like Gecko) Chrome/96.0.4664.110 Safari/537.36"
109.237.2.64 - - [31/Dec/2021:00:42:27 +0300] "GET /bitrix/js/main/session.js?1388067420 HTTP/1.1" 200 1481 "http://naar.kit-rb.ru/bitrix/admin/index.php" "Mozilla/5.0 (Windows NT 10.0; Win64; x64) AppleWebKit/537.36 (KHTML, like Gecko) Chrome/96.0.4664.110 Safari/537.36"
109.237.2.64 - - [31/Dec/2021:00:42:27 +0300] "GET /bitrix/js/main/core/core_window.js?1388067420 HTTP/1.1" 200 20204 "http://naar.kit-rb.ru/bitrix/admin/index.php" "Mozilla/5.0 (Windows NT 10.0; Win64; x64) AppleWebKit/537.36 (KHTML, like Gecko) Chrome/96.0.4664.110 Safari/537.36"
109.237.2.64 - - [31/Dec/2021:00:42:27 +0300] "GET /bitrix/js/main/core/core.js?1388067420 HTTP/1.1" 200 19744 "http://naar.kit-rb.ru/bitrix/admin/index.php" "Mozilla/5.0 (Windows NT 10.0; Win64; x64) AppleWebKit/537.36 (KHTML, like Gecko) Chrome/96.0.4664.110 Safari/537.36"
109.237.2.64 - - [31/Dec/2021:00:42:27 +0300] "GET /bitrix/js/main/core/css/core.css?1388067420 HTTP/1.1" 200 2667 "http://naar.kit-rb.ru/bitrix/admin/index.php" "Mozilla/5.0 (Windows NT 10.0; Win64; x64) AppleWebKit/537.36 (KHTML, like Gecko) Chrome/96.0.4664.110 Safari/537.36"
109.237.2.64 - - [31/Dec/2021:00:42:27 +0300] "GET /bitrix/panel/main/images/submenu-bg.png HTTP/1.1" 200 1521 "http://naar.kit-rb.ru/bitrix/panel/main/login.css?1388067420" "Mozilla/5.0 (Windows NT 10.0; Win64; x64) AppleWebKit/537.36 (KHTML, like Gecko) Chrome/96.0.4664.110 Safari/537.36"
109.237.2.64 - - [31/Dec/2021:00:42:27 +0300] "GET /bitrix/panel/main/images/login-bg.jpg HTTP/1.1" 200 10972 "http://naar.kit-rb.ru/bitrix/panel/main/login.css?1388067420" "Mozilla/5.0 (Windows NT 10.0; Win64; x64) AppleWebKit/537.36 (KHTML, like Gecko) Chrome/96.0.4664.110 Safari/537.36"
109.237.2.64 - - [31/Dec/2021:00:42:27 +0300] "GET /bitrix/panel/main/images/login-waiter.gif HTTP/1.1" 200 4784 "http://naar.kit-rb.ru/bitrix/admin/index.php" "Mozilla/5.0 (Windows NT 10.0; Win64; x64) AppleWebKit/537.36 (KHTML, like Gecko) Chrome/96.0.4664.110 Safari/537.36"
109.237.2.64 - - [31/Dec/2021:00:42:27 +0300] "GET /bitrix/panel/main/images/bx-admin-sprite.png HTTP/1.1" 200 9180 "http://naar.kit-rb.ru/bitrix/panel/main/login.css?1388067420" "Mozilla/5.0 (Windows NT 10.0; Win64; x64) AppleWebKit/537.36 (KHTML, like Gecko) Chrome/96.0.4664.110 Safari/537.36"
109.237.2.64 - - [31/Dec/2021:00:42:27 +0300] "GET /bitrix/panel/main/images/bx-admin-sprite-big.png HTTP/1.1" 200 50240 "http://naar.kit-rb.ru/bitrix/panel/main/login.css?1388067420" "Mozilla/5.0 (Windows NT 10.0; Win64; x64) AppleWebKit/537.36 (KHTML, like Gecko) Chrome/96.0.4664.110 Safari/537.36"
109.237.2.64 - - [31/Dec/2021:00:42:27 +0300] "GET /bitrix/panel/main/images/bx-admin-sprite-small-1.png HTTP/1.1" 200 56905 "http://naar.kit-rb.ru/bitrix/panel/main/login.css?1388067420" "Mozilla/5.0 (Windows NT 10.0; Win64; x64) AppleWebKit/537.36 (KHTML, like Gecko) Chrome/96.0.4664.110 Safari/537.36"
109.237.2.64 - - [31/Dec/2021:00:42:30 +0300] "GET /bitrix/panel/main/adminstyles_fixed.css?1388067420 HTTP/1.1" 200 4601 "http://naar.kit-rb.ru/bitrix/admin/index.php" "Mozilla/5.0 (Windows NT 10.0; Win64; x64) AppleWebKit/537.36 (KHTML, like Gecko) Chrome/96.0.4664.110 Safari/537.36"
109.237.2.64 - - [31/Dec/2021:00:42:30 +0300] "GET /bitrix/panel/main/admin-public.css?1388067420 HTTP/1.1" 200 11461 "http://naar.kit-rb.ru/bitrix/admin/index.php" "Mozilla/5.0 (Windows NT 10.0; Win64; x64) AppleWebKit/537.36 (KHTML, like Gecko) Chrome/96.0.4664.110 Safari/537.36"
109.237.2.64 - - [31/Dec/2021:00:42:30 +0300] "GET /bitrix/js/main/utils.js?1388067420 HTTP/1.1" 200 8116 "http://naar.kit-rb.ru/bitrix/admin/index.php" "Mozilla/5.0 (Windows NT 10.0; Win64; x64) AppleWebKit/537.36 (KHTML, like Gecko) Chrome/96.0.4664.110 Safari/537.36"
109.237.2.64 - - [31/Dec/2021:00:42:30 +0300] "GET /bitrix/themes/.default/modules.css?1612939148 HTTP/1.1" 200 6983 "http://naar.kit-rb.ru/bitrix/admin/index.php" "Mozilla/5.0 (Windows NT 10.0; Win64; x64) AppleWebKit/537.36 (KHTML, like Gecko) Chrome/96.0.4664.110 Safari/537.36"
109.237.2.64 - - [31/Dec/2021:00:42:30 +0300] "GET /bitrix/js/main/admin_tools.js?1388067420 HTTP/1.1" 200 14910 "http://naar.kit-rb.ru/bitrix/admin/index.php" "Mozilla/5.0 (Windows NT 10.0; Win64; x64) AppleWebKit/537.36 (KHTML, like Gecko) Chrome/96.0.4664.110 Safari/537.36"
109.237.2.64 - - [31/Dec/2021:00:42:30 +0300] "GET /bitrix/panel/main/admin.css?1388067420 HTTP/1.1" 200 18468 "http://naar.kit-rb.ru/bitrix/admin/index.php" "Mozilla/5.0 (Windows NT 10.0; Win64; x64) AppleWebKit/537.36 (KHTML, like Gecko) Chrome/96.0.4664.110 Safari/537.36"
109.237.2.64 - - [31/Dec/2021:00:42:30 +0300] "GET /bitrix/js/main/popup_menu.js?1388067420 HTTP/1.1" 200 3777 "http://naar.kit-rb.ru/bitrix/admin/index.php" "Mozilla/5.0 (Windows NT 10.0; Win64; x64) AppleWebKit/537.36 (KHTML, like Gecko) Chrome/96.0.4664.110 Safari/537.36"
109.237.2.64 - - [31/Dec/2021:00:42:30 +0300] "GET /bitrix/js/main/core/core_popup.js?1388067420 HTTP/1.1" 200 7980 "http://naar.kit-rb.ru/bitrix/admin/index.php" "Mozilla/5.0 (Windows NT 10.0; Win64; x64) AppleWebKit/537.36 (KHTML, like Gecko) Chrome/96.0.4664.110 Safari/537.36"
109.237.2.64 - - [31/Dec/2021:00:42:30 +0300] "GET /bitrix/js/main/dd.js?1388067420 HTTP/1.1" 200 3160 "http://naar.kit-rb.ru/bitrix/admin/index.php" "Mozilla/5.0 (Windows NT 10.0; Win64; x64) AppleWebKit/537.36 (KHTML, like Gecko) Chrome/96.0.4664.110 Safari/537.36"
109.237.2.64 - - [31/Dec/2021:00:42:30 +0300] "GET /bitrix/js/main/core/core_date.js?1388067420 HTTP/1.1" 200 12097 "http://naar.kit-rb.ru/bitrix/admin/index.php" "Mozilla/5.0 (Windows NT 10.0; Win64; x64) AppleWebKit/537.36 (KHTML, like Gecko) Chrome/96.0.4664.110 Safari/537.36"
109.237.2.64 - - [31/Dec/2021:00:42:30 +0300] "GET /bitrix/js/main/core/core_autosave.js?1388067420 HTTP/1.1" 200 2903 "http://naar.kit-rb.ru/bitrix/admin/index.php" "Mozilla/5.0 (Windows NT 10.0; Win64; x64) AppleWebKit/537.36 (KHTML, like Gecko) Chrome/96.0.4664.110 Safari/537.36"
109.237.2.64 - - [31/Dec/2021:00:42:30 +0300] "GET /bitrix/js/main/core/core_admin_interface.js?1388067420 HTTP/1.1" 200 28331 "http://naar.kit-rb.ru/bitrix/admin/index.php" "Mozilla/5.0 (Windows NT 10.0; Win64; x64) AppleWebKit/537.36 (KHTML, like Gecko) Chrome/96.0.4664.110 Safari/537.36"
109.237.2.64 - - [31/Dec/2021:00:42:30 +0300] "GET /bitrix/js/main/admin_search.js?1388067420 HTTP/1.1" 200 2295 "http://naar.kit-rb.ru/bitrix/admin/index.php" "Mozilla/5.0 (Windows NT 10.0; Win64; x64) AppleWebKit/537.36 (KHTML, like Gecko) Chrome/96.0.4664.110 Safari/537.36"
109.237.2.64 - - [31/Dec/2021:00:42:30 +0300] "GET /bitrix/js/main/core/core_fx.js?1388067420 HTTP/1.1" 200 4630 "http://naar.kit-rb.ru/bitrix/admin/index.php" "Mozilla/5.0 (Windows NT 10.0; Win64; x64) AppleWebKit/537.36 (KHTML, like Gecko) Chrome/96.0.4664.110 Safari/537.36"
::1 - - [31/Dec/2021:00:42:37 +0300] "OPTIONS * HTTP/1.0" 200 126 "-" "Apache/2.4.18 (Ubuntu) OpenSSL/1.0.2g (internal dummy connection)"
::1 - - [31/Dec/2021:00:42:38 +0300] "OPTIONS * HTTP/1.0" 200 126 "-" "Apache/2.4.18 (Ubuntu) OpenSSL/1.0.2g (internal dummy connection)"
::1 - - [31/Dec/2021:00:42:39 +0300] "OPTIONS * HTTP/1.0" 200 126 "-" "Apache/2.4.18 (Ubuntu) OpenSSL/1.0.2g (internal dummy connection)"
109.237.2.64 - - [31/Dec/2021:00:42:51 +0300] "POST /bitrix/admin/index.php?login=yes HTTP/1.1" 200 791 "http://naar.kit-rb.ru/bitrix/admin/index.php" "Mozilla/5.0 (Windows NT 10.0; Win64; x64) AppleWebKit/537.36 (KHTML, like Gecko) Chrome/96.0.4664.110 Safari/537.36"
109.237.2.64 - - [31/Dec/2021:00:42:55 +0300] "GET /bitrix/admin/index.php HTTP/1.1" 200 32203 "http://naar.kit-rb.ru/bitrix/admin/index.php" "Mozilla/5.0 (Windows NT 10.0; Win64; x64) AppleWebKit/537.36 (KHTML, like Gecko) Chrome/96.0.4664.110 Safari/537.36"
109.237.2.64 - - [31/Dec/2021:00:43:04 +0300] "GET /bitrix/themes/.default/compatible.css?1388067420 HTTP/1.1" 200 1006 "http://naar.kit-rb.ru/bitrix/admin/index.php" "Mozilla/5.0 (Windows NT 10.0; Win64; x64) AppleWebKit/537.36 (KHTML, like Gecko) Chrome/96.0.4664.110 Safari/537.36"
109.237.2.64 - - [31/Dec/2021:00:43:04 +0300] "GET /bitrix/themes/.default/index.css?1388067420 HTTP/1.1" 200 1146 "http://naar.kit-rb.ru/bitrix/admin/index.php" "Mozilla/5.0 (Windows NT 10.0; Win64; x64) AppleWebKit/537.36 (KHTML, like Gecko) Chrome/96.0.4664.110 Safari/537.36"
109.237.2.64 - - [31/Dec/2021:00:43:04 +0300] "GET /bitrix/js/main/core/css/core_popup.css?1388067420 HTTP/1.1" 200 2802 "http://naar.kit-rb.ru/bitrix/admin/index.php" "Mozilla/5.0 (Windows NT 10.0; Win64; x64) AppleWebKit/537.36 (KHTML, like Gecko) Chrome/96.0.4664.110 Safari/537.36"
109.237.2.64 - - [31/Dec/2021:00:43:04 +0300] "GET /bitrix/js/main/core/css/core_date.css?1388067420 HTTP/1.1" 200 2367 "http://naar.kit-rb.ru/bitrix/admin/index.php" "Mozilla/5.0 (Windows NT 10.0; Win64; x64) AppleWebKit/537.36 (KHTML, like Gecko) Chrome/96.0.4664.110 Safari/537.36"
109.237.2.64 - - [31/Dec/2021:00:43:04 +0300] "GET /bitrix/components/bitrix/desktop/templates/admin/style.css?1388067360 HTTP/1.1" 200 4240 "http://naar.kit-rb.ru/bitrix/admin/index.php" "Mozilla/5.0 (Windows NT 10.0; Win64; x64) AppleWebKit/537.36 (KHTML, like Gecko) Chrome/96.0.4664.110 Safari/537.36"
109.237.2.64 - - [31/Dec/2021:00:43:04 +0300] "GET /bitrix/themes/.default/pubstyles.css?1388067420 HTTP/1.1" 200 8160 "http://naar.kit-rb.ru/bitrix/admin/index.php" "Mozilla/5.0 (Windows NT 10.0; Win64; x64) AppleWebKit/537.36 (KHTML, like Gecko) Chrome/96.0.4664.110 Safari/537.36"
109.237.2.64 - - [31/Dec/2021:00:43:04 +0300] "GET /bitrix/panel/main/images/favorites-hint-icons.png HTTP/1.1" 200 1907 "http://naar.kit-rb.ru/bitrix/panel/main/admin.css?1388067420" "Mozilla/5.0 (Windows NT 10.0; Win64; x64) AppleWebKit/537.36 (KHTML, like Gecko) Chrome/96.0.4664.110 Safari/537.36"
109.237.2.64 - - [31/Dec/2021:00:43:04 +0300] "GET /bitrix/panel/main/images/main-menu-bg.gif HTTP/1.1" 200 1536 "http://naar.kit-rb.ru/bitrix/panel/main/admin.css?1388067420" "Mozilla/5.0 (Windows NT 10.0; Win64; x64) AppleWebKit/537.36 (KHTML, like Gecko) Chrome/96.0.4664.110 Safari/537.36"
109.237.2.64 - - [31/Dec/2021:00:43:04 +0300] "GET /bitrix/panel/main/images/header-big.png HTTP/1.1" 200 4438 "http://naar.kit-rb.ru/bitrix/panel/main/admin.css?1388067420" "Mozilla/5.0 (Windows NT 10.0; Win64; x64) AppleWebKit/537.36 (KHTML, like Gecko) Chrome/96.0.4664.110 Safari/537.36"
109.237.2.64 - - [31/Dec/2021:00:43:04 +0300] "GET /bitrix/js/main/hot_keys.js?1388067420 HTTP/1.1" 200 4781 "http://naar.kit-rb.ru/bitrix/admin/index.php" "Mozilla/5.0 (Windows NT 10.0; Win64; x64) AppleWebKit/537.36 (KHTML, like Gecko) Chrome/96.0.4664.110 Safari/537.36"
109.237.2.64 - - [31/Dec/2021:00:43:04 +0300] "GET /bitrix/js/main/ajax.js?1388067420 HTTP/1.1" 200 8761 "http://naar.kit-rb.ru/bitrix/admin/index.php" "Mozilla/5.0 (Windows NT 10.0; Win64; x64) AppleWebKit/537.36 (KHTML, like Gecko) Chrome/96.0.4664.110 Safari/537.36"
109.237.2.64 - - [31/Dec/2021:00:43:05 +0300] "GET /bitrix/components/bitrix/desktop/script.js?v=1388067360 HTTP/1.1" 200 4565 "http://naar.kit-rb.ru/bitrix/admin/index.php" "Mozilla/5.0 (Windows NT 10.0; Win64; x64) AppleWebKit/537.36 (KHTML, like Gecko) Chrome/96.0.4664.110 Safari/537.36"
109.237.2.64 - - [31/Dec/2021:00:43:05 +0300] "GET /bitrix/components/bitrix/desktop/templates/admin/script_admin.js?v=1388067360 HTTP/1.1" 200 1686 "http://naar.kit-rb.ru/bitrix/admin/index.php" "Mozilla/5.0 (Windows NT 10.0; Win64; x64) AppleWebKit/537.36 (KHTML, like Gecko) Chrome/96.0.4664.110 Safari/537.36"
109.237.2.64 - - [31/Dec/2021:00:43:05 +0300] "GET /bitrix/components/bitrix/desktop/templates/admin/images/new/button_gadgets.png HTTP/1.1" 200 1069 "http://naar.kit-rb.ru/bitrix/components/bitrix/desktop/templates/admin/style.css?1388067360" "Mozilla/5.0 (Windows NT 10.0; Win64; x64) AppleWebKit/537.36 (KHTML, like Gecko) Chrome/96.0.4664.110 Safari/537.36"
109.237.2.64 - - [31/Dec/2021:00:43:05 +0300] "GET /bitrix/components/bitrix/desktop/templates/admin/images/new/button_settings.png HTTP/1.1" 200 1176 "http://naar.kit-rb.ru/bitrix/components/bitrix/desktop/templates/admin/style.css?1388067360" "Mozilla/5.0 (Windows NT 10.0; Win64; x64) AppleWebKit/537.36 (KHTML, like Gecko) Chrome/96.0.4664.110 Safari/537.36"
109.237.2.64 - - [31/Dec/2021:00:43:05 +0300] "GET /bitrix/components/bitrix/desktop/templates/admin/images/new/workarea_back.png HTTP/1.1" 200 435 "http://naar.kit-rb.ru/bitrix/components/bitrix/desktop/templates/admin/style.css?1388067360" "Mozilla/5.0 (Windows NT 10.0; Win64; x64) AppleWebKit/537.36 (KHTML, like Gecko) Chrome/96.0.4664.110 Safari/537.36"
::1 - - [31/Dec/2021:00:43:07 +0300] "OPTIONS * HTTP/1.0" 200 126 "-" "Apache/2.4.18 (Ubuntu) OpenSSL/1.0.2g (internal dummy connection)"
109.237.2.64 - - [31/Dec/2021:00:43:07 +0300] "GET /bitrix/panel/main/images/icons-sprite-4.png HTTP/1.1" 200 46204 "http://naar.kit-rb.ru/bitrix/panel/main/admin.css?1388067420" "Mozilla/5.0 (Windows NT 10.0; Win64; x64) AppleWebKit/537.36 (KHTML, like Gecko) Chrome/96.0.4664.110 Safari/537.36"
109.237.2.64 - - [31/Dec/2021:00:43:09 +0300] "GET /bitrix/admin/site_admin.php?lang=ru HTTP/1.1" 200 33156 "http://naar.kit-rb.ru/bitrix/admin/index.php" "Mozilla/5.0 (Windows NT 10.0; Win64; x64) AppleWebKit/537.36 (KHTML, like Gecko) Chrome/96.0.4664.110 Safari/537.36"
109.237.2.64 - - [31/Dec/2021:00:43:10 +0300] "GET /bitrix/themes/.default/modules.css?1640900584 HTTP/1.1" 200 6983 "http://naar.kit-rb.ru/bitrix/admin/site_admin.php?lang=ru" "Mozilla/5.0 (Windows NT 10.0; Win64; x64) AppleWebKit/537.36 (KHTML, like Gecko) Chrome/96.0.4664.110 Safari/537.36"
109.237.2.64 - - [31/Dec/2021:00:43:14 +0300] "GET /bitrix/panel/main/images/popup_menu_sprite_1.png HTTP/1.1" 200 22382 "http://naar.kit-rb.ru/bitrix/panel/main/admin-public.css?1388067420" "Mozilla/5.0 (Windows NT 10.0; Win64; x64) AppleWebKit/537.36 (KHTML, like Gecko) Chrome/96.0.4664.110 Safari/537.36"
109.237.2.64 - - [31/Dec/2021:00:43:15 +0300] "GET /bitrix/admin/site_edit.php?LID=s1&lang=ru HTTP/1.1" 200 37596 "http://naar.kit-rb.ru/bitrix/admin/site_admin.php?lang=ru" "Mozilla/5.0 (Windows NT 10.0; Win64; x64) AppleWebKit/537.36 (KHTML, like Gecko) Chrome/96.0.4664.110 Safari/537.36"
109.237.2.64 - - [31/Dec/2021:00:43:16 +0300] "GET /bitrix/themes/.default/modules.css?1640900584 HTTP/1.1" 200 6983 "http://naar.kit-rb.ru/bitrix/admin/site_edit.php?LID=s1&lang=ru" "Mozilla/5.0 (Windows NT 10.0; Win64; x64) AppleWebKit/537.36 (KHTML, like Gecko) Chrome/96.0.4664.110 Safari/537.36"
109.237.2.64 - - [31/Dec/2021:00:43:16 +0300] "GET /bitrix/images/main/preview.gif HTTP/1.1" 200 695 "http://naar.kit-rb.ru/bitrix/admin/site_edit.php?LID=s1&lang=ru" "Mozilla/5.0 (Windows NT 10.0; Win64; x64) AppleWebKit/537.36 (KHTML, like Gecko) Chrome/96.0.4664.110 Safari/537.36"
109.237.2.64 - - [31/Dec/2021:00:43:16 +0300] "GET /bitrix/js/main/core/images/calendar-icon.gif HTTP/1.1" 200 522 "http://naar.kit-rb.ru/bitrix/admin/site_edit.php?LID=s1&lang=ru" "Mozilla/5.0 (Windows NT 10.0; Win64; x64) AppleWebKit/537.36 (KHTML, like Gecko) Chrome/96.0.4664.110 Safari/537.36"
109.237.2.64 - - [31/Dec/2021:00:43:16 +0300] "GET /bitrix/panel/main/images/filter-bg.gif HTTP/1.1" 200 1404 "http://naar.kit-rb.ru/bitrix/panel/main/admin.css?1388067420" "Mozilla/5.0 (Windows NT 10.0; Win64; x64) AppleWebKit/537.36 (KHTML, like Gecko) Chrome/96.0.4664.110 Safari/537.36"
109.237.2.64 - - [31/Dec/2021:00:43:16 +0300] "GET /bitrix/panel/main/images/bx-admin-tabs-border-fon.png HTTP/1.1" 200 1121 "http://naar.kit-rb.ru/bitrix/panel/main/admin.css?1388067420" "Mozilla/5.0 (Windows NT 10.0; Win64; x64) AppleWebKit/537.36 (KHTML, like Gecko) Chrome/96.0.4664.110 Safari/537.36"
109.237.2.64 - - [31/Dec/2021:00:43:17 +0300] "GET /bitrix/js/main/file_dialog.js?v=1388067420 HTTP/1.1" 200 2775 "http://naar.kit-rb.ru/bitrix/admin/site_edit.php?LID=s1&lang=ru" "Mozilla/5.0 (Windows NT 10.0; Win64; x64) AppleWebKit/537.36 (KHTML, like Gecko) Chrome/96.0.4664.110 Safari/537.36"
109.237.2.64 - - [31/Dec/2021:00:43:29 +0300] "POST /bitrix/tools/autosave.php?bxsender=core_autosave&sessid=7d36a05248ec86b44341d11c67e25eee HTTP/1.1" 200 574 "http://naar.kit-rb.ru/bitrix/admin/site_edit.php?LID=s1&lang=ru" "Mozilla/5.0 (Windows NT 10.0; Win64; x64) AppleWebKit/537.36 (KHTML, like Gecko) Chrome/96.0.4664.110 Safari/537.36"
109.237.2.64 - - [31/Dec/2021:00:43:31 +0300] "GET /bitrix/panel/main/images/waiter-button-green.gif HTTP/1.1" 200 3190 "http://naar.kit-rb.ru/bitrix/panel/main/admin-public.css?1388067420" "Mozilla/5.0 (Windows NT 10.0; Win64; x64) AppleWebKit/537.36 (KHTML, like Gecko) Chrome/96.0.4664.110 Safari/537.36"
109.237.2.64 - - [31/Dec/2021:00:43:31 +0300] "POST /bitrix/admin/site_edit.php? HTTP/1.1" 200 37714 "http://naar.kit-rb.ru/bitrix/admin/site_edit.php?LID=s1&lang=ru" "Mozilla/5.0 (Windows NT 10.0; Win64; x64) AppleWebKit/537.36 (KHTML, like Gecko) Chrome/96.0.4664.110 Safari/537.36"
109.237.2.64 - - [31/Dec/2021:00:43:31 +0300] "GET /bitrix/themes/.default/modules.css?1640900584 HTTP/1.1" 200 6983 "http://naar.kit-rb.ru/bitrix/admin/site_edit.php?" "Mozilla/5.0 (Windows NT 10.0; Win64; x64) AppleWebKit/537.36 (KHTML, like Gecko) Chrome/96.0.4664.110 Safari/537.36"
109.237.2.64 - - [31/Dec/2021:00:43:32 +0300] "GET /bitrix/panel/main/images/info-mes-border.png HTTP/1.1" 200 1265 "http://naar.kit-rb.ru/bitrix/panel/main/admin-public.css?1388067420" "Mozilla/5.0 (Windows NT 10.0; Win64; x64) AppleWebKit/537.36 (KHTML, like Gecko) Chrome/96.0.4664.110 Safari/537.36"
109.237.2.64 - - [31/Dec/2021:00:43:44 +0300] "GET /bitrix/panel/main/images/waiter-button-light.gif HTTP/1.1" 200 3183 "http://naar.kit-rb.ru/bitrix/panel/main/admin-public.css?1388067420" "Mozilla/5.0 (Windows NT 10.0; Win64; x64) AppleWebKit/537.36 (KHTML, like Gecko) Chrome/96.0.4664.110 Safari/537.36"
109.237.2.64 - - [31/Dec/2021:00:43:44 +0300] "POST /bitrix/admin/site_edit.php? HTTP/1.1" 200 37697 "http://naar.kit-rb.ru/bitrix/admin/site_edit.php?" "Mozilla/5.0 (Windows NT 10.0; Win64; x64) AppleWebKit/537.36 (KHTML, like Gecko) Chrome/96.0.4664.110 Safari/537.36"
109.237.2.64 - - [31/Dec/2021:00:43:45 +0300] "GET /bitrix/themes/.default/modules.css?1640900584 HTTP/1.1" 200 6983 "http://naar.kit-rb.ru/bitrix/admin/site_edit.php?" "Mozilla/5.0 (Windows NT 10.0; Win64; x64) AppleWebKit/537.36 (KHTML, like Gecko) Chrome/96.0.4664.110 Safari/537.36"
109.237.2.64 - - [31/Dec/2021:00:44:12 +0300] "POST /bitrix/admin/site_edit.php? HTTP/1.1" 200 37676 "http://naar.kit-rb.ru/bitrix/admin/site_edit.php?" "Mozilla/5.0 (Windows NT 10.0; Win64; x64) AppleWebKit/537.36 (KHTML, like Gecko) Chrome/96.0.4664.110 Safari/537.36"
109.237.2.64 - - [31/Dec/2021:00:44:12 +0300] "GET /bitrix/themes/.default/modules.css?1640900584 HTTP/1.1" 200 6983 "http://naar.kit-rb.ru/bitrix/admin/site_edit.php?" "Mozilla/5.0 (Windows NT 10.0; Win64; x64) AppleWebKit/537.36 (KHTML, like Gecko) Chrome/96.0.4664.110 Safari/537.36"
109.237.2.64 - - [31/Dec/2021:00:44:21 +0300] "POST /bitrix/tools/autosave.php?bxsender=core_autosave&sessid=7d36a05248ec86b44341d11c67e25eee HTTP/1.1" 200 574 "http://naar.kit-rb.ru/bitrix/admin/site_edit.php?" "Mozilla/5.0 (Windows NT 10.0; Win64; x64) AppleWebKit/537.36 (KHTML, like Gecko) Chrome/96.0.4664.110 Safari/537.36"
109.237.2.64 - - [31/Dec/2021:00:44:21 +0300] "POST /bitrix/admin/site_edit.php? HTTP/1.1" 200 37647 "http://naar.kit-rb.ru/bitrix/admin/site_edit.php?" "Mozilla/5.0 (Windows NT 10.0; Win64; x64) AppleWebKit/537.36 (KHTML, like Gecko) Chrome/96.0.4664.110 Safari/537.36"
109.237.2.64 - - [31/Dec/2021:00:44:21 +0300] "GET /bitrix/themes/.default/modules.css?1640900584 HTTP/1.1" 200 6983 "http://naar.kit-rb.ru/bitrix/admin/site_edit.php?" "Mozilla/5.0 (Windows NT 10.0; Win64; x64) AppleWebKit/537.36 (KHTML, like Gecko) Chrome/96.0.4664.110 Safari/537.36"
109.237.2.64 - - [31/Dec/2021:00:45:13 +0300] "POST /bitrix/admin/site_edit.php? HTTP/1.1" 200 37625 "http://naar.kit-rb.ru/bitrix/admin/site_edit.php?" "Mozilla/5.0 (Windows NT 10.0; Win64; x64) AppleWebKit/537.36 (KHTML, like Gecko) Chrome/96.0.4664.110 Safari/537.36"
109.237.2.64 - - [31/Dec/2021:00:45:14 +0300] "GET /bitrix/themes/.default/modules.css?1640900584 HTTP/1.1" 200 6983 "http://naar.kit-rb.ru/bitrix/admin/site_edit.php?" "Mozilla/5.0 (Windows NT 10.0; Win64; x64) AppleWebKit/537.36 (KHTML, like Gecko) Chrome/96.0.4664.110 Safari/537.36"
109.237.2.64 - - [31/Dec/2021:00:46:35 +0300] "GET /bitrix/admin/template_admin.php?lang=ru HTTP/1.1" 200 32501 "http://naar.kit-rb.ru/bitrix/admin/site_edit.php?" "Mozilla/5.0 (Windows NT 10.0; Win64; x64) AppleWebKit/537.36 (KHTML, like Gecko) Chrome/96.0.4664.110 Safari/537.36"
109.237.2.64 - - [31/Dec/2021:00:46:36 +0300] "GET /bitrix/themes/.default/modules.css?1640900584 HTTP/1.1" 200 6983 "http://naar.kit-rb.ru/bitrix/admin/template_admin.php?lang=ru" "Mozilla/5.0 (Windows NT 10.0; Win64; x64) AppleWebKit/537.36 (KHTML, like Gecko) Chrome/96.0.4664.110 Safari/537.36"
109.237.2.64 - - [31/Dec/2021:00:48:03 +0300] "GET / HTTP/1.1" 200 3154 "-" "Mozilla/5.0 (Windows NT 10.0; Win64; x64) AppleWebKit/537.36 (KHTML, like Gecko) Chrome/96.0.4664.110 Safari/537.36"
109.237.2.64 - - [31/Dec/2021:00:48:12 +0300] "GET /articles/ HTTP/1.1" 200 1101 "http://naar.kit-rb.ru/" "Mozilla/5.0 (Windows NT 10.0; Win64; x64) AppleWebKit/537.36 (KHTML, like Gecko) Chrome/96.0.4664.110 Safari/537.36"
109.237.2.64 - - [31/Dec/2021:00:48:14 +0300] "GET / HTTP/1.1" 200 3153 "-" "Mozilla/5.0 (Windows NT 10.0; Win64; x64) AppleWebKit/537.36 (KHTML, like Gecko) Chrome/96.0.4664.110 Safari/537.36"
109.237.2.64 - - [31/Dec/2021:00:49:04 +0300] "GET /bitrix/admin/template_edit.php?lang=ru HTTP/1.1" 200 33020 "http://naar.kit-rb.ru/bitrix/admin/template_admin.php?lang=ru" "Mozilla/5.0 (Windows NT 10.0; Win64; x64) AppleWebKit/537.36 (KHTML, like Gecko) Chrome/96.0.4664.110 Safari/537.36"
109.237.2.64 - - [31/Dec/2021:00:49:04 +0300] "GET /bitrix/themes/.default/modules.css?1640900584 HTTP/1.1" 200 6983 "http://naar.kit-rb.ru/bitrix/admin/template_edit.php?lang=ru" "Mozilla/5.0 (Windows NT 10.0; Win64; x64) AppleWebKit/537.36 (KHTML, like Gecko) Chrome/96.0.4664.110 Safari/537.36"
109.237.2.64 - - [31/Dec/2021:00:49:04 +0300] "GET /bitrix/js/main/template_edit.js?1388067420 HTTP/1.1" 200 2015 "http://naar.kit-rb.ru/bitrix/admin/template_edit.php?lang=ru" "Mozilla/5.0 (Windows NT 10.0; Win64; x64) AppleWebKit/537.36 (KHTML, like Gecko) Chrome/96.0.4664.110 Safari/537.36"
109.237.2.64 - - [31/Dec/2021:00:49:05 +0300] "GET /bitrix/panel/main/images/bx-admin-tabs-border.png HTTP/1.1" 200 444 "http://naar.kit-rb.ru/bitrix/panel/main/admin.css?1388067420" "Mozilla/5.0 (Windows NT 10.0; Win64; x64) AppleWebKit/537.36 (KHTML, like Gecko) Chrome/96.0.4664.110 Safari/537.36"
109.237.2.64 - - [31/Dec/2021:00:49:08 +0300] "GET /bitrix/admin/template_admin.php?lang=ru&set_default=Y HTTP/1.1" 200 32626 "http://naar.kit-rb.ru/bitrix/admin/template_edit.php?lang=ru" "Mozilla/5.0 (Windows NT 10.0; Win64; x64) AppleWebKit/537.36 (KHTML, like Gecko) Chrome/96.0.4664.110 Safari/537.36"
109.237.2.64 - - [31/Dec/2021:00:48:26 +0300] "GET /phpmyadmin/db_structure.php?server=1&db=naar&token=ed68645dd6567ae78c27b078e9e4fd10&ajax_request=true&ajax_page_request=true&_nocache=1640900906582607914 HTTP/1.1" 200 40503 "http://65.21.9.242/phpmyadmin/server_privileges.php?adduser=1&token=ed68645dd6567ae78c27b078e9e4fd10" "Mozilla/5.0 (Windows NT 10.0; Win64; x64) AppleWebKit/537.36 (KHTML, like Gecko) Chrome/96.0.4664.110 Safari/537.36"
109.237.2.64 - - [31/Dec/2021:00:49:17 +0300] "GET /phpmyadmin/js/get_scripts.js.php?scripts%5B%5D=db_structure.js&scripts%5B%5D=tbl_change.js&call_done=1&v=4.5.4.1deb2ubuntu2.1 HTTP/1.1" 200 10698 "http://65.21.9.242/phpmyadmin/db_structure.php?server=1&db=naar&token=ed68645dd6567ae78c27b078e9e4fd10" "Mozilla/5.0 (Windows NT 10.0; Win64; x64) AppleWebKit/537.36 (KHTML, like Gecko) Chrome/96.0.4664.110 Safari/537.36"
109.237.2.64 - - [31/Dec/2021:00:49:17 +0300] "POST /phpmyadmin/navigation.php?ajax_request=1&token=ed68645dd6567ae78c27b078e9e4fd10 HTTP/1.1" 200 6172 "http://65.21.9.242/phpmyadmin/db_structure.php?server=1&db=naar&token=ed68645dd6567ae78c27b078e9e4fd10" "Mozilla/5.0 (Windows NT 10.0; Win64; x64) AppleWebKit/537.36 (KHTML, like Gecko) Chrome/96.0.4664.110 Safari/537.36"
109.237.2.64 - - [31/Dec/2021:00:50:08 +0300] "GET /bitrix/admin/user_admin.php?lang=ru HTTP/1.1" 200 39751 "http://naar.kit-rb.ru/bitrix/admin/template_admin.php?lang=ru&set_default=Y" "Mozilla/5.0 (Windows NT 10.0; Win64; x64) AppleWebKit/537.36 (KHTML, like Gecko) Chrome/96.0.4664.110 Safari/537.36"
109.237.2.64 - - [31/Dec/2021:00:50:10 +0300] "GET /bitrix/themes/.default/modules.css?1640900584 HTTP/1.1" 200 6983 "http://naar.kit-rb.ru/bitrix/admin/user_admin.php?lang=ru" "Mozilla/5.0 (Windows NT 10.0; Win64; x64) AppleWebKit/537.36 (KHTML, like Gecko) Chrome/96.0.4664.110 Safari/537.36"
109.237.2.64 - - [31/Dec/2021:00:50:10 +0300] "GET /bitrix/images/main/mouse.gif HTTP/1.1" 200 1446 "http://naar.kit-rb.ru/bitrix/admin/user_admin.php?lang=ru" "Mozilla/5.0 (Windows NT 10.0; Win64; x64) AppleWebKit/537.36 (KHTML, like Gecko) Chrome/96.0.4664.110 Safari/537.36"
109.237.2.64 - - [31/Dec/2021:00:50:13 +0300] "GET /bitrix/images/1.gif HTTP/1.1" 200 325 "http://naar.kit-rb.ru/bitrix/admin/user_admin.php?lang=ru" "Mozilla/5.0 (Windows NT 10.0; Win64; x64) AppleWebKit/537.36 (KHTML, like Gecko) Chrome/96.0.4664.110 Safari/537.36"
109.237.2.64 - - [31/Dec/2021:00:50:41 +0300] "GET /bitrix/admin/site_checker.php?lang=ru HTTP/1.1" 200 32933 "http://naar.kit-rb.ru/bitrix/admin/user_admin.php?lang=ru" "Mozilla/5.0 (Windows NT 10.0; Win64; x64) AppleWebKit/537.36 (KHTML, like Gecko) Chrome/96.0.4664.110 Safari/537.36"
109.237.2.64 - - [31/Dec/2021:00:51:14 +0300] "GET /bitrix/admin/site_checker.php?test_start=Y&lang=ru&sessid=7d36a05248ec86b44341d11c67e25eee HTTP/1.1" 200 980 "http://naar.kit-rb.ru/bitrix/admin/site_checker.php?lang=ru" "Mozilla/5.0 (Windows NT 10.0; Win64; x64) AppleWebKit/537.36 (KHTML, like Gecko) Chrome/96.0.4664.110 Safari/537.36"
109.237.2.64 - - [31/Dec/2021:00:51:14 +0300] "GET /bitrix/panel/main/images_old/wait.gif HTTP/1.1" 200 1011 "http://naar.kit-rb.ru/bitrix/panel/main/adminstyles_fixed.css?1388067420" "Mozilla/5.0 (Windows NT 10.0; Win64; x64) AppleWebKit/537.36 (KHTML, like Gecko) Chrome/96.0.4664.110 Safari/537.36"
109.237.2.64 - - [31/Dec/2021:00:51:14 +0300] "GET /bitrix/admin/site_checker.php?HTTP_HOST=naar.kit-rb.ru&SERVER_PORT=&HTTPS=&test_start=Y&lang=ru&sessid=7d36a05248ec86b44341d11c67e25eee&step=1&global_test_vars=YToyOntzOjIwOiJzaXRlX2NoZWNrZXJfc3VjY2VzcyI7czoxOiJZIjtzOjEwOiJsYXN0X3ZhbHVlIjtzOjA6IiI7fQ== HTTP/1.1" 200 951 "http://naar.kit-rb.ru/bitrix/admin/site_checker.php?lang=ru" "Mozilla/5.0 (Windows NT 10.0; Win64; x64) AppleWebKit/537.36 (KHTML, like Gecko) Chrome/96.0.4664.110 Safari/537.36"
109.237.2.64 - - [31/Dec/2021:00:51:14 +0300] "GET /bitrix/admin/site_checker.php?HTTP_HOST=naar.kit-rb.ru&SERVER_PORT=&HTTPS=&test_start=Y&lang=ru&sessid=7d36a05248ec86b44341d11c67e25eee&step=2&global_test_vars=YToyOntzOjIwOiJzaXRlX2NoZWNrZXJfc3VjY2VzcyI7czoxOiJZIjtzOjEwOiJsYXN0X3ZhbHVlIjtzOjA6IiI7fQ== HTTP/1.1" 200 941 "http://naar.kit-rb.ru/bitrix/admin/site_checker.php?lang=ru" "Mozilla/5.0 (Windows NT 10.0; Win64; x64) AppleWebKit/537.36 (KHTML, like Gecko) Chrome/96.0.4664.110 Safari/537.36"
109.237.2.64 - - [31/Dec/2021:00:51:15 +0300] "GET /bitrix/admin/site_checker.php?HTTP_HOST=naar.kit-rb.ru&SERVER_PORT=&HTTPS=&test_start=Y&lang=ru&sessid=7d36a05248ec86b44341d11c67e25eee&step=3&global_test_vars=YToyOntzOjIwOiJzaXRlX2NoZWNrZXJfc3VjY2VzcyI7czoxOiJZIjtzOjEwOiJsYXN0X3ZhbHVlIjtzOjA6IiI7fQ== HTTP/1.1" 200 936 "http://naar.kit-rb.ru/bitrix/admin/site_checker.php?lang=ru" "Mozilla/5.0 (Windows NT 10.0; Win64; x64) AppleWebKit/537.36 (KHTML, like Gecko) Chrome/96.0.4664.110 Safari/537.36"
109.237.2.64 - - [31/Dec/2021:00:51:15 +0300] "GET /bitrix/admin/site_checker.php?HTTP_HOST=naar.kit-rb.ru&SERVER_PORT=&HTTPS=&test_start=Y&lang=ru&sessid=7d36a05248ec86b44341d11c67e25eee&step=4&global_test_vars=YToyOntzOjIwOiJzaXRlX2NoZWNrZXJfc3VjY2VzcyI7czoxOiJZIjtzOjEwOiJsYXN0X3ZhbHVlIjtzOjA6IiI7fQ== HTTP/1.1" 200 916 "http://naar.kit-rb.ru/bitrix/admin/site_checker.php?lang=ru" "Mozilla/5.0 (Windows NT 10.0; Win64; x64) AppleWebKit/537.36 (KHTML, like Gecko) Chrome/96.0.4664.110 Safari/537.36"
109.237.2.64 - - [31/Dec/2021:00:51:15 +0300] "GET /bitrix/admin/site_checker.php?HTTP_HOST=naar.kit-rb.ru&SERVER_PORT=&HTTPS=&test_start=Y&lang=ru&sessid=7d36a05248ec86b44341d11c67e25eee&step=5&global_test_vars=YToyOntzOjIwOiJzaXRlX2NoZWNrZXJfc3VjY2VzcyI7czoxOiJZIjtzOjEwOiJsYXN0X3ZhbHVlIjtzOjA6IiI7fQ== HTTP/1.1" 200 933 "http://naar.kit-rb.ru/bitrix/admin/site_checker.php?lang=ru" "Mozilla/5.0 (Windows NT 10.0; Win64; x64) AppleWebKit/537.36 (KHTML, like Gecko) Chrome/96.0.4664.110 Safari/537.36"
109.237.2.64 - - [31/Dec/2021:00:51:15 +0300] "GET /bitrix/admin/site_checker.php?HTTP_HOST=naar.kit-rb.ru&SERVER_PORT=&HTTPS=&test_start=Y&lang=ru&sessid=7d36a05248ec86b44341d11c67e25eee&step=6&global_test_vars=YToyOntzOjIwOiJzaXRlX2NoZWNrZXJfc3VjY2VzcyI7czoxOiJZIjtzOjEwOiJsYXN0X3ZhbHVlIjtzOjA6IiI7fQ== HTTP/1.1" 200 971 "http://naar.kit-rb.ru/bitrix/admin/site_checker.php?lang=ru" "Mozilla/5.0 (Windows NT 10.0; Win64; x64) AppleWebKit/537.36 (KHTML, like Gecko) Chrome/96.0.4664.110 Safari/537.36"
109.237.2.64 - - [31/Dec/2021:00:51:15 +0300] "GET /bitrix/admin/site_checker.php?HTTP_HOST=naar.kit-rb.ru&SERVER_PORT=&HTTPS=&test_start=Y&lang=ru&sessid=7d36a05248ec86b44341d11c67e25eee&step=7&global_test_vars=YToyOntzOjIwOiJzaXRlX2NoZWNrZXJfc3VjY2VzcyI7czoxOiJZIjtzOjEwOiJsYXN0X3ZhbHVlIjtzOjA6IiI7fQ== HTTP/1.1" 200 1091 "http://naar.kit-rb.ru/bitrix/admin/site_checker.php?lang=ru" "Mozilla/5.0 (Windows NT 10.0; Win64; x64) AppleWebKit/537.36 (KHTML, like Gecko) Chrome/96.0.4664.110 Safari/537.36"
109.237.2.64 - - [31/Dec/2021:00:51:15 +0300] "GET /bitrix/admin/site_checker.php?HTTP_HOST=naar.kit-rb.ru&SERVER_PORT=&HTTPS=&test_start=Y&lang=ru&sessid=7d36a05248ec86b44341d11c67e25eee&step=8&global_test_vars=YTozOntzOjIwOiJzaXRlX2NoZWNrZXJfc3VjY2VzcyI7czoxOiJOIjtzOjEwOiJsYXN0X3ZhbHVlIjtzOjA6IiI7czoxOToiY2hlY2tfbWJzdHJpbmdfZmFpbCI7YjoxO30= HTTP/1.1" 200 953 "http://naar.kit-rb.ru/bitrix/admin/site_checker.php?lang=ru" "Mozilla/5.0 (Windows NT 10.0; Win64; x64) AppleWebKit/537.36 (KHTML, like Gecko) Chrome/96.0.4664.110 Safari/537.36"
109.237.2.64 - - [31/Dec/2021:00:51:15 +0300] "GET /bitrix/admin/site_checker.php?HTTP_HOST=naar.kit-rb.ru&SERVER_PORT=&HTTPS=&test_start=Y&lang=ru&sessid=7d36a05248ec86b44341d11c67e25eee&step=9&global_test_vars=YTozOntzOjIwOiJzaXRlX2NoZWNrZXJfc3VjY2VzcyI7czoxOiJOIjtzOjEwOiJsYXN0X3ZhbHVlIjtzOjA6IiI7czoxOToiY2hlY2tfbWJzdHJpbmdfZmFpbCI7YjoxO30= HTTP/1.1" 200 957 "http://naar.kit-rb.ru/bitrix/admin/site_checker.php?lang=ru" "Mozilla/5.0 (Windows NT 10.0; Win64; x64) AppleWebKit/537.36 (KHTML, like Gecko) Chrome/96.0.4664.110 Safari/537.36"
65.21.9.242 - - [31/Dec/2021:00:51:15 +0300] "GET /bitrix/admin/site_checker.php?test_type=method_exists&unique_id=cdcb739ba664d07d05ca95a5ae1b17a4 HTTP/1.1" 200 154 "-" "-"
109.237.2.64 - - [31/Dec/2021:00:51:15 +0300] "GET /bitrix/admin/site_checker.php?HTTP_HOST=naar.kit-rb.ru&SERVER_PORT=&HTTPS=&test_start=Y&lang=ru&sessid=7d36a05248ec86b44341d11c67e25eee&step=10&global_test_vars=YTozOntzOjIwOiJzaXRlX2NoZWNrZXJfc3VjY2VzcyI7czoxOiJOIjtzOjEwOiJsYXN0X3ZhbHVlIjtzOjA6IiI7czoxOToiY2hlY2tfbWJzdHJpbmdfZmFpbCI7YjoxO30= HTTP/1.1" 200 945 "http://naar.kit-rb.ru/bitrix/admin/site_checker.php?lang=ru" "Mozilla/5.0 (Windows NT 10.0; Win64; x64) AppleWebKit/537.36 (KHTML, like Gecko) Chrome/96.0.4664.110 Safari/537.36"
109.237.2.64 - - [31/Dec/2021:00:51:15 +0300] "GET /bitrix/admin/site_checker.php?HTTP_HOST=naar.kit-rb.ru&SERVER_PORT=&HTTPS=&test_start=Y&lang=ru&sessid=7d36a05248ec86b44341d11c67e25eee&step=11&global_test_vars=YTozOntzOjIwOiJzaXRlX2NoZWNrZXJfc3VjY2VzcyI7czoxOiJOIjtzOjEwOiJsYXN0X3ZhbHVlIjtzOjA6IiI7czoxOToiY2hlY2tfbWJzdHJpbmdfZmFpbCI7YjoxO30= HTTP/1.1" 200 938 "http://naar.kit-rb.ru/bitrix/admin/site_checker.php?lang=ru" "Mozilla/5.0 (Windows NT 10.0; Win64; x64) AppleWebKit/537.36 (KHTML, like Gecko) Chrome/96.0.4664.110 Safari/537.36"
65.21.9.242 - - [31/Dec/2021:00:51:15 +0300] "GET /bitrix/admin/site_checker.php?test_type=socket_test&unique_id=cdcb739ba664d07d05ca95a5ae1b17a4 HTTP/1.1" 200 154 "-" "-"
109.237.2.64 - - [31/Dec/2021:00:51:15 +0300] "GET /bitrix/admin/site_checker.php?HTTP_HOST=naar.kit-rb.ru&SERVER_PORT=&HTTPS=&test_start=Y&lang=ru&sessid=7d36a05248ec86b44341d11c67e25eee&step=12&global_test_vars=YTozOntzOjIwOiJzaXRlX2NoZWNrZXJfc3VjY2VzcyI7czoxOiJOIjtzOjEwOiJsYXN0X3ZhbHVlIjtzOjA6IiI7czoxOToiY2hlY2tfbWJzdHJpbmdfZmFpbCI7YjoxO30= HTTP/1.1" 200 969 "http://naar.kit-rb.ru/bitrix/admin/site_checker.php?lang=ru" "Mozilla/5.0 (Windows NT 10.0; Win64; x64) AppleWebKit/537.36 (KHTML, like Gecko) Chrome/96.0.4664.110 Safari/537.36"
109.237.2.64 - - [31/Dec/2021:00:51:15 +0300] "GET /bitrix/admin/site_checker.php?HTTP_HOST=naar.kit-rb.ru&SERVER_PORT=&HTTPS=&test_start=Y&lang=ru&sessid=7d36a05248ec86b44341d11c67e25eee&step=13&global_test_vars=YTozOntzOjIwOiJzaXRlX2NoZWNrZXJfc3VjY2VzcyI7czoxOiJOIjtzOjEwOiJsYXN0X3ZhbHVlIjtzOjA6IiI7czoxOToiY2hlY2tfbWJzdHJpbmdfZmFpbCI7YjoxO30= HTTP/1.1" 200 962 "http://naar.kit-rb.ru/bitrix/admin/site_checker.php?lang=ru" "Mozilla/5.0 (Windows NT 10.0; Win64; x64) AppleWebKit/537.36 (KHTML, like Gecko) Chrome/96.0.4664.110 Safari/537.36"
65.21.9.242 - - [31/Dec/2021:00:51:15 +0300] "GET /bitrix/admin/site_checker.php?test_type=dbconn_test&unique_id=cdcb739ba664d07d05ca95a5ae1b17a4 HTTP/1.1" 200 756 "-" "-"
65.21.9.242 - - [31/Dec/2021:00:51:16 +0300] "POST /bitrix/admin/site_checker.php?test_type=upload_test&unique_id=cdcb739ba664d07d05ca95a5ae1b17a4&big=0&raw=0 HTTP/1.1" 200 154 "-" "-"
109.237.2.64 - - [31/Dec/2021:00:51:16 +0300] "GET /bitrix/admin/site_checker.php?HTTP_HOST=naar.kit-rb.ru&SERVER_PORT=&HTTPS=&test_start=Y&lang=ru&sessid=7d36a05248ec86b44341d11c67e25eee&step=14&global_test_vars=YTozOntzOjIwOiJzaXRlX2NoZWNrZXJfc3VjY2VzcyI7czoxOiJOIjtzOjEwOiJsYXN0X3ZhbHVlIjtzOjA6IiI7czoxOToiY2hlY2tfbWJzdHJpbmdfZmFpbCI7YjoxO30= HTTP/1.1" 200 939 "http://naar.kit-rb.ru/bitrix/admin/site_checker.php?lang=ru" "Mozilla/5.0 (Windows NT 10.0; Win64; x64) AppleWebKit/537.36 (KHTML, like Gecko) Chrome/96.0.4664.110 Safari/537.36"
65.21.9.242 - - [31/Dec/2021:00:51:16 +0300] "POST /bitrix/admin/site_checker.php?test_type=upload_test&unique_id=cdcb739ba664d07d05ca95a5ae1b17a4&big=1&raw=0 HTTP/1.1" 200 455 "-" "-"
109.237.2.64 - - [31/Dec/2021:00:51:16 +0300] "GET /bitrix/admin/site_checker.php?HTTP_HOST=naar.kit-rb.ru&SERVER_PORT=&HTTPS=&test_start=Y&lang=ru&sessid=7d36a05248ec86b44341d11c67e25eee&step=15&global_test_vars=YTozOntzOjIwOiJzaXRlX2NoZWNrZXJfc3VjY2VzcyI7czoxOiJOIjtzOjEwOiJsYXN0X3ZhbHVlIjtzOjA6IiI7czoxOToiY2hlY2tfbWJzdHJpbmdfZmFpbCI7YjoxO30= HTTP/1.1" 200 954 "http://naar.kit-rb.ru/bitrix/admin/site_checker.php?lang=ru" "Mozilla/5.0 (Windows NT 10.0; Win64; x64) AppleWebKit/537.36 (KHTML, like Gecko) Chrome/96.0.4664.110 Safari/537.36"
65.21.9.242 - - [31/Dec/2021:00:51:16 +0300] "POST /bitrix/admin/site_checker.php?test_type=upload_test&unique_id=cdcb739ba664d07d05ca95a5ae1b17a4&big=0&raw=1 HTTP/1.1" 200 154 "-" "-"
109.237.2.64 - - [31/Dec/2021:00:51:16 +0300] "GET /bitrix/admin/site_checker.php?HTTP_HOST=naar.kit-rb.ru&SERVER_PORT=&HTTPS=&test_start=Y&lang=ru&sessid=7d36a05248ec86b44341d11c67e25eee&step=16&global_test_vars=YTozOntzOjIwOiJzaXRlX2NoZWNrZXJfc3VjY2VzcyI7czoxOiJOIjtzOjEwOiJsYXN0X3ZhbHVlIjtzOjA6IiI7czoxOToiY2hlY2tfbWJzdHJpbmdfZmFpbCI7YjoxO30= HTTP/1.1" 200 1005 "http://naar.kit-rb.ru/bitrix/admin/site_checker.php?lang=ru" "Mozilla/5.0 (Windows NT 10.0; Win64; x64) AppleWebKit/537.36 (KHTML, like Gecko) Chrome/96.0.4664.110 Safari/537.36"
65.21.9.242 - - [31/Dec/2021:00:51:16 +0300] "POST /bitrix/admin/site_checker.php?test_type=post_test&unique_id=cdcb739ba664d07d05ca95a5ae1b17a4 HTTP/1.1" 200 154 "-" "-"
109.237.2.64 - - [31/Dec/2021:00:51:16 +0300] "GET /bitrix/admin/site_checker.php?HTTP_HOST=naar.kit-rb.ru&SERVER_PORT=&HTTPS=&test_start=Y&lang=ru&sessid=7d36a05248ec86b44341d11c67e25eee&step=17&global_test_vars=YTozOntzOjIwOiJzaXRlX2NoZWNrZXJfc3VjY2VzcyI7czoxOiJOIjtzOjEwOiJsYXN0X3ZhbHVlIjtzOjA6IiI7czoxOToiY2hlY2tfbWJzdHJpbmdfZmFpbCI7YjoxO30= HTTP/1.1" 200 978 "http://naar.kit-rb.ru/bitrix/admin/site_checker.php?lang=ru" "Mozilla/5.0 (Windows NT 10.0; Win64; x64) AppleWebKit/537.36 (KHTML, like Gecko) Chrome/96.0.4664.110 Safari/537.36"
109.237.2.64 - - [31/Dec/2021:00:51:16 +0300] "GET /bitrix/admin/site_checker.php?HTTP_HOST=naar.kit-rb.ru&SERVER_PORT=&HTTPS=&test_start=Y&lang=ru&sessid=7d36a05248ec86b44341d11c67e25eee&step=18&global_test_vars=YTozOntzOjIwOiJzaXRlX2NoZWNrZXJfc3VjY2VzcyI7czoxOiJOIjtzOjEwOiJsYXN0X3ZhbHVlIjtzOjA6IiI7czoxOToiY2hlY2tfbWJzdHJpbmdfZmFpbCI7YjoxO30= HTTP/1.1" 200 957 "http://naar.kit-rb.ru/bitrix/admin/site_checker.php?lang=ru" "Mozilla/5.0 (Windows NT 10.0; Win64; x64) AppleWebKit/537.36 (KHTML, like Gecko) Chrome/96.0.4664.110 Safari/537.36"
109.237.2.64 - - [31/Dec/2021:00:51:16 +0300] "GET /bitrix/admin/site_checker.php?HTTP_HOST=naar.kit-rb.ru&SERVER_PORT=&HTTPS=&test_start=Y&lang=ru&sessid=7d36a05248ec86b44341d11c67e25eee&step=19&global_test_vars=YTozOntzOjIwOiJzaXRlX2NoZWNrZXJfc3VjY2VzcyI7czoxOiJOIjtzOjEwOiJsYXN0X3ZhbHVlIjtzOjA6IiI7czoxOToiY2hlY2tfbWJzdHJpbmdfZmFpbCI7YjoxO30= HTTP/1.1" 200 994 "http://naar.kit-rb.ru/bitrix/admin/site_checker.php?lang=ru" "Mozilla/5.0 (Windows NT 10.0; Win64; x64) AppleWebKit/537.36 (KHTML, like Gecko) Chrome/96.0.4664.110 Safari/537.36"
109.237.2.64 - - [31/Dec/2021:00:51:16 +0300] "GET /bitrix/admin/site_checker.php?HTTP_HOST=naar.kit-rb.ru&SERVER_PORT=&HTTPS=&test_start=Y&lang=ru&sessid=7d36a05248ec86b44341d11c67e25eee&step=20&global_test_vars=YTozOntzOjIwOiJzaXRlX2NoZWNrZXJfc3VjY2VzcyI7czoxOiJOIjtzOjEwOiJsYXN0X3ZhbHVlIjtzOjA6IiI7czoxOToiY2hlY2tfbWJzdHJpbmdfZmFpbCI7YjoxO30= HTTP/1.1" 200 1015 "http://naar.kit-rb.ru/bitrix/admin/site_checker.php?lang=ru" "Mozilla/5.0 (Windows NT 10.0; Win64; x64) AppleWebKit/537.36 (KHTML, like Gecko) Chrome/96.0.4664.110 Safari/537.36"
109.237.2.64 - - [31/Dec/2021:00:51:16 +0300] "GET /bitrix/admin/site_checker.php?HTTP_HOST=naar.kit-rb.ru&SERVER_PORT=&HTTPS=&test_start=Y&lang=ru&sessid=7d36a05248ec86b44341d11c67e25eee&step=21&global_test_vars=YTozOntzOjIwOiJzaXRlX2NoZWNrZXJfc3VjY2VzcyI7czoxOiJOIjtzOjEwOiJsYXN0X3ZhbHVlIjtzOjA6IiI7czoxOToiY2hlY2tfbWJzdHJpbmdfZmFpbCI7YjoxO30= HTTP/1.1" 200 959 "http://naar.kit-rb.ru/bitrix/admin/site_checker.php?lang=ru" "Mozilla/5.0 (Windows NT 10.0; Win64; x64) AppleWebKit/537.36 (KHTML, like Gecko) Chrome/96.0.4664.110 Safari/537.36"
65.21.9.242 - - [31/Dec/2021:00:51:16 +0300] "GET /bitrix/admin/site_checker.php?test_type=redirect_test&unique_id=cdcb739ba664d07d05ca95a5ae1b17a4&SERVER_PORT=80&HTTPS=&FCGI_ROLE=&HTTP_HOST=naar.kit-rb.ru&SERVER_PROTOCOL=HTTP%2F1.1 HTTP/1.1" 302 458 "-" "-"
109.237.2.64 - - [31/Dec/2021:00:51:16 +0300] "GET /bitrix/admin/site_checker.php?HTTP_HOST=naar.kit-rb.ru&SERVER_PORT=&HTTPS=&test_start=Y&lang=ru&sessid=7d36a05248ec86b44341d11c67e25eee&step=22&global_test_vars=YTozOntzOjIwOiJzaXRlX2NoZWNrZXJfc3VjY2VzcyI7czoxOiJOIjtzOjEwOiJsYXN0X3ZhbHVlIjtzOjA6IiI7czoxOToiY2hlY2tfbWJzdHJpbmdfZmFpbCI7YjoxO30= HTTP/1.1" 200 997 "http://naar.kit-rb.ru/bitrix/admin/site_checker.php?lang=ru" "Mozilla/5.0 (Windows NT 10.0; Win64; x64) AppleWebKit/537.36 (KHTML, like Gecko) Chrome/96.0.4664.110 Safari/537.36"
65.21.9.242 - - [31/Dec/2021:00:51:16 +0300] "GET /bitrix/admin/site_checker.php?test_type=redirect_test&unique_id=cdcb739ba664d07d05ca95a5ae1b17a4&SERVER_PORT=80&HTTPS=&FCGI_ROLE=&HTTP_HOST=naar.kit-rb.ru&SERVER_PROTOCOL=HTTP%2F1.1&done=Y HTTP/1.1" 200 154 "-" "-"
109.237.2.64 - - [31/Dec/2021:00:51:16 +0300] "GET /bitrix/admin/site_checker.php?HTTP_HOST=naar.kit-rb.ru&SERVER_PORT=&HTTPS=&test_start=Y&lang=ru&sessid=7d36a05248ec86b44341d11c67e25eee&step=22&global_test_vars=YTozOntzOjIwOiJzaXRlX2NoZWNrZXJfc3VjY2VzcyI7czoxOiJOIjtzOjEwOiJsYXN0X3ZhbHVlIjtzOjg3OiJodHRwOi8vbmFhci5raXQtcmIucnU/cmVkaXJlY3RfdGVzdD1ZJmRvbmU9WSZ1bmlxdWVfaWQ9Y2RjYjczOWJhNjY0ZDA3ZDA1Y2E5NWE1YWUxYjE3YTQiO3M6MTk6ImNoZWNrX21ic3RyaW5nX2ZhaWwiO2I6MTt9 HTTP/1.1" 200 995 "http://naar.kit-rb.ru/bitrix/admin/site_checker.php?lang=ru" "Mozilla/5.0 (Windows NT 10.0; Win64; x64) AppleWebKit/537.36 (KHTML, like Gecko) Chrome/96.0.4664.110 Safari/537.36"
109.237.2.64 - - [31/Dec/2021:00:51:16 +0300] "GET /bitrix/admin/site_checker.php?HTTP_HOST=naar.kit-rb.ru&SERVER_PORT=&HTTPS=&test_start=Y&lang=ru&sessid=7d36a05248ec86b44341d11c67e25eee&step=23&global_test_vars=YTozOntzOjIwOiJzaXRlX2NoZWNrZXJfc3VjY2VzcyI7czoxOiJOIjtzOjEwOiJsYXN0X3ZhbHVlIjtzOjA6IiI7czoxOToiY2hlY2tfbWJzdHJpbmdfZmFpbCI7YjoxO30= HTTP/1.1" 200 909 "http://naar.kit-rb.ru/bitrix/admin/site_checker.php?lang=ru" "Mozilla/5.0 (Windows NT 10.0; Win64; x64) AppleWebKit/537.36 (KHTML, like Gecko) Chrome/96.0.4664.110 Safari/537.36"
65.21.9.242 - - [31/Dec/2021:00:51:16 +0300] "GET /bitrix/admin/site_checker.php?test_type=memory_test&unique_id=cdcb739ba664d07d05ca95a5ae1b17a4&max=15 HTTP/1.1" 200 154 "-" "-"
109.237.2.64 - - [31/Dec/2021:00:51:16 +0300] "GET /bitrix/admin/site_checker.php?HTTP_HOST=naar.kit-rb.ru&SERVER_PORT=&HTTPS=&test_start=Y&lang=ru&sessid=7d36a05248ec86b44341d11c67e25eee&step=23&global_test_vars=YTozOntzOjIwOiJzaXRlX2NoZWNrZXJfc3VjY2VzcyI7czoxOiJOIjtzOjEwOiJsYXN0X3ZhbHVlIjtzOjMyOiJhOjM6e2k6MDtpOjE2O2k6MTtpOjMyO2k6MjtpOjI7fSI7czoxOToiY2hlY2tfbWJzdHJpbmdfZmFpbCI7YjoxO30= HTTP/1.1" 200 907 "http://naar.kit-rb.ru/bitrix/admin/site_checker.php?lang=ru" "Mozilla/5.0 (Windows NT 10.0; Win64; x64) AppleWebKit/537.36 (KHTML, like Gecko) Chrome/96.0.4664.110 Safari/537.36"
65.21.9.242 - - [31/Dec/2021:00:51:16 +0300] "GET /bitrix/admin/site_checker.php?test_type=memory_test&unique_id=cdcb739ba664d07d05ca95a5ae1b17a4&max=31 HTTP/1.1" 200 154 "-" "-"
109.237.2.64 - - [31/Dec/2021:00:51:16 +0300] "GET /bitrix/admin/site_checker.php?HTTP_HOST=naar.kit-rb.ru&SERVER_PORT=&HTTPS=&test_start=Y&lang=ru&sessid=7d36a05248ec86b44341d11c67e25eee&step=23&global_test_vars=YTozOntzOjIwOiJzaXRlX2NoZWNrZXJfc3VjY2VzcyI7czoxOiJOIjtzOjEwOiJsYXN0X3ZhbHVlIjtzOjMyOiJhOjM6e2k6MDtpOjMyO2k6MTtpOjY0O2k6MjtpOjM7fSI7czoxOToiY2hlY2tfbWJzdHJpbmdfZmFpbCI7YjoxO30= HTTP/1.1" 200 911 "http://naar.kit-rb.ru/bitrix/admin/site_checker.php?lang=ru" "Mozilla/5.0 (Windows NT 10.0; Win64; x64) AppleWebKit/537.36 (KHTML, like Gecko) Chrome/96.0.4664.110 Safari/537.36"
65.21.9.242 - - [31/Dec/2021:00:51:16 +0300] "GET /bitrix/admin/site_checker.php?test_type=memory_test&unique_id=cdcb739ba664d07d05ca95a5ae1b17a4&max=63 HTTP/1.1" 200 154 "-" "-"
109.237.2.64 - - [31/Dec/2021:00:51:16 +0300] "GET /bitrix/admin/site_checker.php?HTTP_HOST=naar.kit-rb.ru&SERVER_PORT=&HTTPS=&test_start=Y&lang=ru&sessid=7d36a05248ec86b44341d11c67e25eee&step=23&global_test_vars=YTozOntzOjIwOiJzaXRlX2NoZWNrZXJfc3VjY2VzcyI7czoxOiJOIjtzOjEwOiJsYXN0X3ZhbHVlIjtzOjMzOiJhOjM6e2k6MDtpOjY0O2k6MTtpOjEyODtpOjI7aTo0O30iO3M6MTk6ImNoZWNrX21ic3RyaW5nX2ZhaWwiO2I6MTt9 HTTP/1.1" 200 910 "http://naar.kit-rb.ru/bitrix/admin/site_checker.php?lang=ru" "Mozilla/5.0 (Windows NT 10.0; Win64; x64) AppleWebKit/537.36 (KHTML, like Gecko) Chrome/96.0.4664.110 Safari/537.36"
65.21.9.242 - - [31/Dec/2021:00:51:17 +0300] "GET /bitrix/admin/site_checker.php?test_type=memory_test&unique_id=cdcb739ba664d07d05ca95a5ae1b17a4&max=127 HTTP/1.1" 200 154 "-" "-"
109.237.2.64 - - [31/Dec/2021:00:51:17 +0300] "GET /bitrix/admin/site_checker.php?HTTP_HOST=naar.kit-rb.ru&SERVER_PORT=&HTTPS=&test_start=Y&lang=ru&sessid=7d36a05248ec86b44341d11c67e25eee&step=23&global_test_vars=YTozOntzOjIwOiJzaXRlX2NoZWNrZXJfc3VjY2VzcyI7czoxOiJOIjtzOjEwOiJsYXN0X3ZhbHVlIjtzOjM0OiJhOjM6e2k6MDtpOjEyODtpOjE7aToyNTY7aToyO2k6NTt9IjtzOjE5OiJjaGVja19tYnN0cmluZ19mYWlsIjtiOjE7fQ== HTTP/1.1" 200 912 "http://naar.kit-rb.ru/bitrix/admin/site_checker.php?lang=ru" "Mozilla/5.0 (Windows NT 10.0; Win64; x64) AppleWebKit/537.36 (KHTML, like Gecko) Chrome/96.0.4664.110 Safari/537.36"
65.21.9.242 - - [31/Dec/2021:00:51:17 +0300] "GET /bitrix/admin/site_checker.php?test_type=memory_test&unique_id=cdcb739ba664d07d05ca95a5ae1b17a4&max=255 HTTP/1.1" 200 154 "-" "-"
109.237.2.64 - - [31/Dec/2021:00:51:17 +0300] "GET /bitrix/admin/site_checker.php?HTTP_HOST=naar.kit-rb.ru&SERVER_PORT=&HTTPS=&test_start=Y&lang=ru&sessid=7d36a05248ec86b44341d11c67e25eee&step=23&global_test_vars=YTozOntzOjIwOiJzaXRlX2NoZWNrZXJfc3VjY2VzcyI7czoxOiJOIjtzOjEwOiJsYXN0X3ZhbHVlIjtzOjM0OiJhOjM6e2k6MDtpOjI1NjtpOjE7aTo1MTI7aToyO2k6Njt9IjtzOjE5OiJjaGVja19tYnN0cmluZ19mYWlsIjtiOjE7fQ== HTTP/1.1" 200 914 "http://naar.kit-rb.ru/bitrix/admin/site_checker.php?lang=ru" "Mozilla/5.0 (Windows NT 10.0; Win64; x64) AppleWebKit/537.36 (KHTML, like Gecko) Chrome/96.0.4664.110 Safari/537.36"
65.21.9.242 - - [31/Dec/2021:00:51:17 +0300] "GET /bitrix/admin/site_checker.php?test_type=memory_test&unique_id=cdcb739ba664d07d05ca95a5ae1b17a4&max=511 HTTP/1.1" 200 386 "-" "-"
109.237.2.64 - - [31/Dec/2021:00:51:18 +0300] "GET /bitrix/admin/site_checker.php?HTTP_HOST=naar.kit-rb.ru&SERVER_PORT=&HTTPS=&test_start=Y&lang=ru&sessid=7d36a05248ec86b44341d11c67e25eee&step=23&global_test_vars=YTozOntzOjIwOiJzaXRlX2NoZWNrZXJfc3VjY2VzcyI7czoxOiJOIjtzOjEwOiJsYXN0X3ZhbHVlIjtzOjM0OiJhOjM6e2k6MDtpOjI1NjtpOjE7ZDozODQ7aToyO2k6Nzt9IjtzOjE5OiJjaGVja19tYnN0cmluZ19mYWlsIjtiOjE7fQ== HTTP/1.1" 200 1051 "http://naar.kit-rb.ru/bitrix/admin/site_checker.php?lang=ru" "Mozilla/5.0 (Windows NT 10.0; Win64; x64) AppleWebKit/537.36 (KHTML, like Gecko) Chrome/96.0.4664.110 Safari/537.36"
65.21.9.242 - - [31/Dec/2021:00:51:18 +0300] "GET /bitrix/admin/site_checker.php?test_type=memory_test&unique_id=cdcb739ba664d07d05ca95a5ae1b17a4&max=383 HTTP/1.1" 200 154 "-" "-"
109.237.2.64 - - [31/Dec/2021:00:51:18 +0300] "GET /bitrix/admin/site_checker.php?HTTP_HOST=naar.kit-rb.ru&SERVER_PORT=&HTTPS=&test_start=Y&lang=ru&sessid=7d36a05248ec86b44341d11c67e25eee&step=24&global_test_vars=YTozOntzOjIwOiJzaXRlX2NoZWNrZXJfc3VjY2VzcyI7czoxOiJOIjtzOjEwOiJsYXN0X3ZhbHVlIjtzOjA6IiI7czoxOToiY2hlY2tfbWJzdHJpbmdfZmFpbCI7YjoxO30= HTTP/1.1" 200 863 "http://naar.kit-rb.ru/bitrix/admin/site_checker.php?lang=ru" "Mozilla/5.0 (Windows NT 10.0; Win64; x64) AppleWebKit/537.36 (KHTML, like Gecko) Chrome/96.0.4664.110 Safari/537.36"
109.237.2.64 - - [31/Dec/2021:00:51:18 +0300] "GET /bitrix/admin/site_checker.php?HTTP_HOST=naar.kit-rb.ru&SERVER_PORT=&HTTPS=&test_start=Y&lang=ru&sessid=7d36a05248ec86b44341d11c67e25eee&step=24&global_test_vars=YTozOntzOjIwOiJzaXRlX2NoZWNrZXJfc3VjY2VzcyI7czoxOiJOIjtzOjEwOiJsYXN0X3ZhbHVlIjtzOjE6IlkiO3M6MTk6ImNoZWNrX21ic3RyaW5nX2ZhaWwiO2I6MTt9 HTTP/1.1" 200 938 "http://naar.kit-rb.ru/bitrix/admin/site_checker.php?lang=ru" "Mozilla/5.0 (Windows NT 10.0; Win64; x64) AppleWebKit/537.36 (KHTML, like Gecko) Chrome/96.0.4664.110 Safari/537.36"
65.21.9.242 - - [31/Dec/2021:00:51:18 +0300] "GET /bitrix/admin/site_checker.php?test_type=session_test&unique_id=cdcb739ba664d07d05ca95a5ae1b17a4 HTTP/1.1" 200 342 "-" "-"
